stream status 200
health: {"status":"ok","ts":"2026-10-05T16:04:36.069Z","uptime_seconds":1168,"memory":{"rss_mb":260.1,"heap_used_mb":112.8,"heap_total_mb":178.2},"node":"v20.20.2","pid":9,"db":"up","redis":"up","sse_clients":0,"console_clients":2,"level_counts":{"info":500}}
health: {"status":"ok","ts":"2026-10-05T16:04:41.070Z","uptime_seconds":1173,"memory":{"rss_mb":260.3,"heap_used_mb":119.7,"heap_total_mb":178.2},"node":"v20.20.2","pid":9,"db":"up","redis":"up","sse_clients":0,"console_clients":2,"level_counts":{"info":500}}
health: {"status":"ok","ts":"2026-10-05T16:04:46.071Z","uptime_seconds":1178,"memory":{"rss_mb":260.3,"heap_used_mb":125.3,"heap_total_mb":178.2},"node":"v20.20.2","pid":9,"db":"up","redis":"up","sse_clients":0,"console_clients":2,"level_counts":{"info":500}}
health: {"status":"ok","ts":"2026-10-05T16:04:51.070Z","uptime_seconds":1183,"memory":{"rss_mb":260.1,"heap_used_mb":120.7,"heap_total_mb":178.2},"node":"v20.20.2","pid":9,"db":"up","redis":"up","sse_clients":0,"console_clients":2,"level_counts":{"info":500}}
health: {"status":"ok","ts":"2026-10-05T16:04:56.071Z","uptime_seconds":1188,"memory":{"rss_mb":260.4,"heap_used_mb":130.9,"heap_total_mb":178.2},"node":"v20.20.2","pid":9,"db":"up","redis":"up","sse_clients":0,"console_clients":2,"level_counts":{"info":500}}
health: {"status":"ok","ts":"2026-10-05T16:05:01.071Z","uptime_seconds":1193,"memory":{"rss_mb":260.1,"heap_used_mb":130.5,"heap_total_mb":178.2},"node":"v20.20.2","pid":9,"db":"up","redis":"up","sse_clients":0,"console_clients":2,"level_counts":{"info":500}}
health: {"status":"ok","ts":"2026-10-05T16:05:06.072Z","uptime_seconds":1198,"memory":{"rss_mb":260.1,"heap_used_mb":105.1,"heap_total_mb":173.4},"node":"v20.20.2","pid":9,"db":"up","redis":"up","sse_clients":0,"console_clients":2,"level_counts":{"info":500}}
health: {"status":"ok","ts":"2026-10-05T16:05:11.072Z","uptime_seconds":1203,"memory":{"rss_mb":255.5,"heap_used_mb":117.4,"heap_total_mb":173.4},"node":"v20.20.2","pid":9,"db":"up","redis":"up","sse_clients":0,"console_clients":2,"level_counts":{"info":500}}
health: {"status":"ok","ts":"2026-10-05T16:05:16.072Z","uptime_seconds":1208,"memory":{"rss_mb":255.2,"heap_used_mb":116.8,"heap_total_mb":173.4},"node":"v20.20.2","pid":9,"db":"up","redis":"up","sse_clients":0,"console_clients":2,"level_counts":{"info":500}}
health: {"status":"ok","ts":"2026-10-05T16:05:21.075Z","uptime_seconds":1213,"memory":{"rss_mb":255.4,"heap_used_mb":121.5,"heap_total_mb":173.4},"node":"v20.20.2","pid":9,"db":"up","redis":"up","sse_clients":0,"console_clients":2,"level_counts":{"info":500}}
health: {"status":"ok","ts":"2026-10-05T16:05:26.075Z","uptime_seconds":1218,"memory":{"rss_mb":255.4,"heap_used_mb":125.9,"heap_total_mb":173.4},"node":"v20.20.2","pid":9,"db":"up","redis":"up","sse_clients":0,"console_clients":2,"level_counts":{"info":500}}
health: {"status":"ok","ts":"2026-10-05T16:05:31.075Z","uptime_seconds":1223,"memory":{"rss_mb":255.4,"heap_used_mb":126.8,"heap_total_mb":173.4},"node":"v20.20.2","pid":9,"db":"up","redis":"up","sse_clients":0,"console_clients":2,"level_counts":{"info":500}}
health: {"status":"ok","ts":"2026-10-05T16:05:36.075Z","uptime_seconds":1228,"memory":{"rss_mb":252.8,"heap_used_mb":106.8,"heap_total_mb":171.2},"node":"v20.20.2","pid":9,"db":"up","redis":"up","sse_clients":0,"console_clients":2,"level_counts":{"info":500}}
health: {"status":"ok","ts":"2026-10-05T16:05:41.075Z","uptime_seconds":1233,"memory":{"rss_mb":253,"heap_used_mb":113,"heap_total_mb":171.2},"node":"v20.20.2","pid":9,"db":"up","redis":"up","sse_clients":0,"console_clients":2,"level_counts":{"info":500}}
health: {"status":"ok","ts":"2026-10-05T16:05:46.075Z","uptime_seconds":1238,"memory":{"rss_mb":253,"heap_used_mb":117.9,"heap_total_mb":171.2},"node":"v20.20.2","pid":9,"db":"up","redis":"up","sse_clients":0,"console_clients":2,"level_counts":{"info":500}}
health: {"status":"ok","ts":"2026-10-05T16:05:51.078Z","uptime_seconds":1243,"memory":{"rss_mb":252.9,"heap_used_mb":123.5,"heap_total_mb":171.2},"node":"v20.20.2","pid":9,"db":"up","redis":"up","sse_clients":0,"console_clients":2,"level_counts":{"info":500}}
health: {"status":"ok","ts":"2026-10-05T16:05:56.077Z","uptime_seconds":1248,"memory":{"rss_mb":253.2,"heap_used_mb":129.7,"heap_total_mb":171.2},"node":"v20.20.2","pid":9,"db":"up","redis":"up","sse_clients":0,"console_clients":2,"level_counts":{"info":500}}
health: {"status":"ok","ts":"2026-10-05T16:06:01.081Z","uptime_seconds":1253,"memory":{"rss_mb":253.2,"heap_used_mb":135.6,"heap_total_mb":171.2},"node":"v20.20.2","pid":9,"db":"up","redis":"up","sse_clients":0,"console_clients":2,"level_counts":{"info":500}}
health: {"status":"ok","ts":"2026-10-05T16:06:06.081Z","uptime_seconds":1258,"memory":{"rss_mb":253.5,"heap_used_mb":139.7,"heap_total_mb":171.2},"node":"v20.20.2","pid":9,"db":"up","redis":"up","sse_clients":0,"console_clients":2,"level_counts":{"info":500}}
health: {"status":"ok","ts":"2026-10-05T16:06:11.081Z","uptime_seconds":1263,"memory":{"rss_mb":253.3,"heap_used_mb":114.7,"heap_total_mb":171.9},"node":"v20.20.2","pid":9,"db":"up","redis":"up","sse_clients":0,"console_clients":2,"level_counts":{"info":500}}
health: {"status":"ok","ts":"2026-10-05T16:06:16.081Z","uptime_seconds":1268,"memory":{"rss_mb":253.2,"heap_used_mb":116.8,"heap_total_mb":171.9},"node":"v20.20.2","pid":9,"db":"up","redis":"up","sse_clients":0,"console_clients":2,"level_counts":{"info":500}}
health: {"status":"ok","ts":"2026-10-05T16:06:21.082Z","uptime_seconds":1273,"memory":{"rss_mb":253.6,"heap_used_mb":126.9,"heap_total_mb":171.9},"node":"v20.20.2","pid":9,"db":"up","redis":"up","sse_clients":0,"console_clients":2,"level_counts":{"info":500}}
health: {"status":"ok","ts":"2026-10-05T16:06:26.083Z","uptime_seconds":1278,"memory":{"rss_mb":253.3,"heap_used_mb":126.3,"heap_total_mb":171.9},"node":"v20.20.2","pid":9,"db":"up","redis":"up","sse_clients":0,"console_clients":2,"level_counts":{"info":500}}
health: {"status":"ok","ts":"2026-10-05T16:06:31.083Z","uptime_seconds":1283,"memory":{"rss_mb":253.6,"heap_used_mb":135.3,"heap_total_mb":171.9},"node":"v20.20.2","pid":9,"db":"up","redis":"up","sse_clients":0,"console_clients":2,"level_counts":{"info":500}}
health: {"status":"ok","ts":"2026-10-05T16:06:36.083Z","uptime_seconds":1288,"memory":{"rss_mb":253.3,"heap_used_mb":134,"heap_total_mb":171.9},"node":"v20.20.2","pid":9,"db":"up","redis":"up","sse_clients":0,"console_clients":2,"level_counts":{"info":500}}
health: {"status":"ok","ts":"2026-10-05T16:06:41.083Z","uptime_seconds":1293,"memory":{"rss_mb":255.1,"heap_used_mb":137.4,"heap_total_mb":173.7},"node":"v20.20.2","pid":9,"db":"up","redis":"up","sse_clients":0,"console_clients":2,"level_counts":{"info":500}}
health: {"status":"ok","ts":"2026-10-05T16:06:46.083Z","uptime_seconds":1298,"memory":{"rss_mb":256.1,"heap_used_mb":111,"heap_total_mb":176.2},"node":"v20.20.2","pid":9,"db":"up","redis":"up","sse_clients":0,"console_clients":2,"level_counts":{"info":500}}
health: {"status":"ok","ts":"2026-10-05T16:06:51.084Z","uptime_seconds":1303,"memory":{"rss_mb":256,"heap_used_mb":116.9,"heap_total_mb":176.2},"node":"v20.20.2","pid":9,"db":"up","redis":"up","sse_clients":0,"console_clients":2,"level_counts":{"info":500}}
health: {"status":"ok","ts":"2026-10-05T16:06:56.084Z","uptime_seconds":1308,"memory":{"rss_mb":258.4,"heap_used_mb":119,"heap_total_mb":176.2},"node":"v20.20.2","pid":9,"db":"up","redis":"up","sse_clients":0,"console_clients":2,"level_counts":{"info":500}}
health: {"status":"ok","ts":"2026-10-05T16:07:01.090Z","uptime_seconds":1313,"memory":{"rss_mb":258.4,"heap_used_mb":121.6,"heap_total_mb":176.2},"node":"v20.20.2","pid":9,"db":"up","redis":"up","sse_clients":0,"console_clients":2,"level_counts":{"info":500}}
health: {"status":"ok","ts":"2026-10-05T16:07:06.087Z","uptime_seconds":1318,"memory":{"rss_mb":258.2,"heap_used_mb":133.1,"heap_total_mb":176.2},"node":"v20.20.2","pid":9,"db":"up","redis":"up","sse_clients":0,"console_clients":2,"level_counts":{"info":500}}
health: {"status":"ok","ts":"2026-10-05T16:07:11.087Z","uptime_seconds":1323,"memory":{"rss_mb":255.3,"heap_used_mb":116.6,"heap_total_mb":172.9},"node":"v20.20.2","pid":9,"db":"up","redis":"up","sse_clients":0,"console_clients":2,"level_counts":{"info":500}}
health: {"status":"ok","ts":"2026-10-05T16:07:16.089Z","uptime_seconds":1328,"memory":{"rss_mb":255.2,"heap_used_mb":121.8,"heap_total_mb":172.9},"node":"v20.20.2","pid":9,"db":"up","redis":"up","sse_clients":0,"console_clients":2,"level_counts":{"info":500}}
health: {"status":"ok","ts":"2026-10-05T16:07:21.092Z","uptime_seconds":1333,"memory":{"rss_mb":254.9,"heap_used_mb":115.6,"heap_total_mb":172.9},"node":"v20.20.2","pid":9,"db":"up","redis":"up","sse_clients":0,"console_clients":2,"level_counts":{"info":500}}
health: {"status":"ok","ts":"2026-10-05T16:07:26.093Z","uptime_seconds":1338,"memory":{"rss_mb":254.9,"heap_used_mb":124.3,"heap_total_mb":172.9},"node":"v20.20.2","pid":9,"db":"up","redis":"up","sse_clients":0,"console_clients":2,"level_counts":{"info":500}}
health: {"status":"ok","ts":"2026-10-05T16:07:31.094Z","uptime_seconds":1343,"memory":{"rss_mb":255.3,"heap_used_mb":131.3,"heap_total_mb":172.9},"node":"v20.20.2","pid":9,"db":"up","redis":"up","sse_clients":0,"console_clients":2,"level_counts":{"info":500}}
health: {"status":"ok","ts":"2026-10-05T16:07:36.094Z","uptime_seconds":1348,"memory":{"rss_mb":255.5,"heap_used_mb":117.3,"heap_total_mb":172.9},"node":"v20.20.2","pid":9,"db":"up","redis":"up","sse_clients":0,"console_clients":2,"level_counts":{"info":500}}
health: {"status":"ok","ts":"2026-10-05T16:07:41.095Z","uptime_seconds":1353,"memory":{"rss_mb":255.4,"heap_used_mb":120.5,"heap_total_mb":172.9},"node":"v20.20.2","pid":9,"db":"up","redis":"up","sse_clients":0,"console_clients":2,"level_counts":{"info":500}}
health: {"status":"ok","ts":"2026-10-05T16:07:46.094Z","uptime_seconds":1358,"memory":{"rss_mb":255.4,"heap_used_mb":124.7,"heap_total_mb":172.9},"node":"v20.20.2","pid":9,"db":"up","redis":"up","sse_clients":0,"console_clients":2,"level_counts":{"info":500}}
health: {"status":"ok","ts":"2026-10-05T16:07:51.094Z","uptime_seconds":1363,"memory":{"rss_mb":255.2,"heap_used_mb":124.9,"heap_total_mb":172.9},"node":"v20.20.2","pid":9,"db":"up","redis":"up","sse_clients":0,"console_clients":2,"level_counts":{"info":500}}
health: {"status":"ok","ts":"2026-10-05T16:07:56.098Z","uptime_seconds":1368,"memory":{"rss_mb":252.6,"heap_used_mb":116.4,"heap_total_mb":170.2},"node":"v20.20.2","pid":9,"db":"up","redis":"up","sse_clients":0,"console_clients":2,"level_counts":{"info":500}}
health: {"status":"ok","ts":"2026-10-05T16:08:01.098Z","uptime_seconds":1373,"memory":{"rss_mb":252.7,"heap_used_mb":118,"heap_total_mb":170.2},"node":"v20.20.2","pid":9,"db":"up","redis":"up","sse_clients":0,"console_clients":2,"level_counts":{"info":500}}
health: {"status":"ok","ts":"2026-10-05T16:08:06.099Z","uptime_seconds":1378,"memory":{"rss_mb":252.6,"heap_used_mb":122.4,"heap_total_mb":170.2},"node":"v20.20.2","pid":9,"db":"up","redis":"up","sse_clients":0,"console_clients":2,"level_counts":{"info":500}}
health: {"status":"ok","ts":"2026-10-05T16:08:11.099Z","uptime_seconds":1383,"memory":{"rss_mb":252.8,"heap_used_mb":127.7,"heap_total_mb":170.4},"node":"v20.20.2","pid":9,"db":"up","redis":"up","sse_clients":0,"console_clients":2,"level_counts":{"info":500}}
health: {"status":"ok","ts":"2026-10-05T16:08:16.099Z","uptime_seconds":1388,"memory":{"rss_mb":252.4,"heap_used_mb":127,"heap_total_mb":170.4},"node":"v20.20.2","pid":9,"db":"up","redis":"up","sse_clients":0,"console_clients":2,"level_counts":{"info":500}}
health: {"status":"ok","ts":"2026-10-05T16:08:21.100Z","uptime_seconds":1393,"memory":{"rss_mb":252.6,"heap_used_mb":133.7,"heap_total_mb":170.4},"node":"v20.20.2","pid":9,"db":"up","redis":"up","sse_clients":0,"console_clients":2,"level_counts":{"info":500}}
health: {"status":"ok","ts":"2026-10-05T16:08:26.101Z","uptime_seconds":1398,"memory":{"rss_mb":251.8,"heap_used_mb":118.6,"heap_total_mb":169.7},"node":"v20.20.2","pid":9,"db":"up","redis":"up","sse_clients":0,"console_clients":2,"level_counts":{"info":500}}
health: {"status":"ok","ts":"2026-10-05T16:08:31.101Z","uptime_seconds":1403,"memory":{"rss_mb":251.5,"heap_used_mb":115.1,"heap_total_mb":169.7},"node":"v20.20.2","pid":9,"db":"up","redis":"up","sse_clients":0,"console_clients":2,"level_counts":{"info":500}}
health: {"status":"ok","ts":"2026-10-05T16:08:36.101Z","uptime_seconds":1408,"memory":{"rss_mb":251.7,"heap_used_mb":120.8,"heap_total_mb":169.7},"node":"v20.20.2","pid":9,"db":"up","redis":"up","sse_clients":0,"console_clients":2,"level_counts":{"info":500}}
health: {"status":"ok","ts":"2026-10-05T16:08:41.101Z","uptime_seconds":1413,"memory":{"rss_mb":251.7,"heap_used_mb":122.6,"heap_total_mb":169.7},"node":"v20.20.2","pid":9,"db":"up","redis":"up","sse_clients":0,"console_clients":2,"level_counts":{"info":500}}
health: {"status":"ok","ts":"2026-10-05T16:08:46.101Z","uptime_seconds":1418,"memory":{"rss_mb":251.7,"heap_used_mb":119.8,"heap_total_mb":169.2},"node":"v20.20.2","pid":9,"db":"up","redis":"up","sse_clients":0,"console_clients":2,"level_counts":{"info":500}}
health: {"status":"ok","ts":"2026-10-05T16:08:51.101Z","uptime_seconds":1423,"memory":{"rss_mb":251.4,"heap_used_mb":121.1,"heap_total_mb":169.2},"node":"v20.20.2","pid":9,"db":"up","redis":"up","sse_clients":0,"console_clients":2,"level_counts":{"info":500}}
health: {"status":"ok","ts":"2026-10-05T16:08:56.102Z","uptime_seconds":1428,"memory":{"rss_mb":251.3,"heap_used_mb":114.9,"heap_total_mb":169.2},"node":"v20.20.2","pid":9,"db":"up","redis":"up","sse_clients":0,"console_clients":2,"level_counts":{"info":500}}
health: {"status":"ok","ts":"2026-10-05T16:09:01.101Z","uptime_seconds":1433,"memory":{"rss_mb":251.4,"heap_used_mb":120.6,"heap_total_mb":169.2},"node":"v20.20.2","pid":9,"db":"up","redis":"up","sse_clients":0,"console_clients":2,"level_counts":{"info":500}}
health: {"status":"ok","ts":"2026-10-05T16:09:06.102Z","uptime_seconds":1438,"memory":{"rss_mb":251.4,"heap_used_mb":121.1,"heap_total_mb":169.2},"node":"v20.20.2","pid":9,"db":"up","redis":"up","sse_clients":0,"console_clients":2,"level_counts":{"info":500}}
health: {"status":"ok","ts":"2026-10-05T16:09:11.103Z","uptime_seconds":1443,"memory":{"rss_mb":251.4,"heap_used_mb":127.2,"heap_total_mb":169.2},"node":"v20.20.2","pid":9,"db":"up","redis":"up","sse_clients":0,"console_clients":2,"level_counts":{"info":500}}
health: {"status":"ok","ts":"2026-10-05T16:09:16.102Z","uptime_seconds":1448,"memory":{"rss_mb":251.6,"heap_used_mb":124.6,"heap_total_mb":169.2},"node":"v20.20.2","pid":9,"db":"up","redis":"up","sse_clients":0,"console_clients":2,"level_counts":{"info":500}}
health: {"status":"ok","ts":"2026-10-05T16:09:21.103Z","uptime_seconds":1453,"memory":{"rss_mb":251.4,"heap_used_mb":124.6,"heap_total_mb":169.2},"node":"v20.20.2","pid":9,"db":"up","redis":"up","sse_clients":0,"console_clients":2,"level_counts":{"info":500}}
health: {"status":"ok","ts":"2026-10-05T16:09:26.103Z","uptime_seconds":1458,"memory":{"rss_mb":251.5,"heap_used_mb":129.4,"heap_total_mb":169.2},"node":"v20.20.2","pid":9,"db":"up","redis":"up","sse_clients":0,"console_clients":2,"level_counts":{"info":500}}
health: {"status":"ok","ts":"2026-10-05T16:09:31.103Z","uptime_seconds":1463,"memory":{"rss_mb":251.8,"heap_used_mb":131.5,"heap_total_mb":169.2},"node":"v20.20.2","pid":9,"db":"up","redis":"up","sse_clients":0,"console_clients":2,"level_counts":{"info":500}}
health: {"status":"ok","ts":"2026-10-05T16:09:36.103Z","uptime_seconds":1468,"memory":{"rss_mb":250.8,"heap_used_mb":113.6,"heap_total_mb":168.4},"node":"v20.20.2","pid":9,"db":"up","redis":"up","sse_clients":0,"console_clients":2,"level_counts":{"info":500}}
health: {"status":"ok","ts":"2026-10-05T16:09:41.104Z","uptime_seconds":1473,"memory":{"rss_mb":250.6,"heap_used_mb":108.4,"heap_total_mb":168.4},"node":"v20.20.2","pid":9,"db":"up","redis":"up","sse_clients":0,"console_clients":2,"level_counts":{"info":500}}
health: {"status":"ok","ts":"2026-10-05T16:09:46.104Z","uptime_seconds":1478,"memory":{"rss_mb":250.7,"heap_used_mb":112.5,"heap_total_mb":168.4},"node":"v20.20.2","pid":9,"db":"up","redis":"up","sse_clients":0,"console_clients":2,"level_counts":{"info":500}}
health: {"status":"ok","ts":"2026-10-05T16:09:51.105Z","uptime_seconds":1483,"memory":{"rss_mb":250.7,"heap_used_mb":117,"heap_total_mb":168.4},"node":"v20.20.2","pid":9,"db":"up","redis":"up","sse_clients":0,"console_clients":2,"level_counts":{"info":500}}
health: {"status":"ok","ts":"2026-10-05T16:09:56.105Z","uptime_seconds":1488,"memory":{"rss_mb":250.8,"heap_used_mb":120.1,"heap_total_mb":168.4},"node":"v20.20.2","pid":9,"db":"up","redis":"up","sse_clients":0,"console_clients":2,"level_counts":{"info":500}}
health: {"status":"ok","ts":"2026-10-05T16:10:01.105Z","uptime_seconds":1493,"memory":{"rss_mb":251,"heap_used_mb":117.5,"heap_total_mb":168.4},"node":"v20.20.2","pid":9,"db":"up","redis":"up","sse_clients":0,"console_clients":2,"level_counts":{"info":500}}
health: {"status":"ok","ts":"2026-10-05T16:10:06.106Z","uptime_seconds":1498,"memory":{"rss_mb":250,"heap_used_mb":105.6,"heap_total_mb":167.4},"node":"v20.20.2","pid":9,"db":"up","redis":"up","sse_clients":0,"console_clients":2,"level_counts":{"info":500}}
health: {"status":"ok","ts":"2026-10-05T16:10:11.111Z","uptime_seconds":1503,"memory":{"rss_mb":249.9,"heap_used_mb":115.9,"heap_total_mb":167.4},"node":"v20.20.2","pid":9,"db":"up","redis":"up","sse_clients":0,"console_clients":2,"level_counts":{"info":500}}
health: {"status":"ok","ts":"2026-10-05T16:10:16.110Z","uptime_seconds":1508,"memory":{"rss_mb":250,"heap_used_mb":117.8,"heap_total_mb":167.4},"node":"v20.20.2","pid":9,"db":"up","redis":"up","sse_clients":0,"console_clients":2,"level_counts":{"info":500}}
health: {"status":"ok","ts":"2026-10-05T16:10:21.110Z","uptime_seconds":1513,"memory":{"rss_mb":249.9,"heap_used_mb":114.3,"heap_total_mb":167.4},"node":"v20.20.2","pid":9,"db":"up","redis":"up","sse_clients":0,"console_clients":2,"level_counts":{"info":500}}
health: {"status":"ok","ts":"2026-10-05T16:10:26.110Z","uptime_seconds":1518,"memory":{"rss_mb":249.9,"heap_used_mb":109,"heap_total_mb":167.4},"node":"v20.20.2","pid":9,"db":"up","redis":"up","sse_clients":0,"console_clients":2,"level_counts":{"info":500}}
health: {"status":"ok","ts":"2026-10-05T16:10:31.110Z","uptime_seconds":1523,"memory":{"rss_mb":250.2,"heap_used_mb":114.5,"heap_total_mb":167.4},"node":"v20.20.2","pid":9,"db":"up","redis":"up","sse_clients":0,"console_clients":2,"level_counts":{"info":500}}
health: {"status":"ok","ts":"2026-10-05T16:10:36.110Z","uptime_seconds":1528,"memory":{"rss_mb":250.1,"heap_used_mb":115.1,"heap_total_mb":167.4},"node":"v20.20.2","pid":9,"db":"up","redis":"up","sse_clients":0,"console_clients":2,"level_counts":{"info":500}}
health: {"status":"ok","ts":"2026-10-05T16:10:41.111Z","uptime_seconds":1533,"memory":{"rss_mb":258.7,"heap_used_mb":120.2,"heap_total_mb":167.9},"node":"v20.20.2","pid":9,"db":"up","redis":"up","sse_clients":0,"console_clients":2,"level_counts":{"info":500}}
health: {"status":"ok","ts":"2026-10-05T16:10:46.111Z","uptime_seconds":1538,"memory":{"rss_mb":258.5,"heap_used_mb":123,"heap_total_mb":167.9},"node":"v20.20.2","pid":9,"db":"up","redis":"up","sse_clients":0,"console_clients":2,"level_counts":{"info":500}}
health: {"status":"ok","ts":"2026-10-05T16:10:51.111Z","uptime_seconds":1543,"memory":{"rss_mb":256.5,"heap_used_mb":110.8,"heap_total_mb":166.7},"node":"v20.20.2","pid":9,"db":"up","redis":"up","sse_clients":0,"console_clients":2,"level_counts":{"info":500}}
health: {"status":"ok","ts":"2026-10-05T16:10:56.112Z","uptime_seconds":1548,"memory":{"rss_mb":254.9,"heap_used_mb":116.4,"heap_total_mb":166.7},"node":"v20.20.2","pid":9,"db":"up","redis":"up","sse_clients":0,"console_clients":2,"level_counts":{"info":500}}
health: {"status":"ok","ts":"2026-10-05T16:11:01.111Z","uptime_seconds":1553,"memory":{"rss_mb":254.9,"heap_used_mb":112.8,"heap_total_mb":166.7},"node":"v20.20.2","pid":9,"db":"up","redis":"up","sse_clients":0,"console_clients":2,"level_counts":{"info":500}}
health: {"status":"ok","ts":"2026-10-05T16:11:06.111Z","uptime_seconds":1558,"memory":{"rss_mb":254.9,"heap_used_mb":115.3,"heap_total_mb":166.7},"node":"v20.20.2","pid":9,"db":"up","redis":"up","sse_clients":0,"console_clients":2,"level_counts":{"info":500}}
health: {"status":"ok","ts":"2026-10-05T16:11:11.113Z","uptime_seconds":1563,"memory":{"rss_mb":254.9,"heap_used_mb":125.7,"heap_total_mb":166.7},"node":"v20.20.2","pid":9,"db":"up","redis":"up","sse_clients":0,"console_clients":2,"level_counts":{"info":500}}
health: {"status":"ok","ts":"2026-10-05T16:11:16.114Z","uptime_seconds":1568,"memory":{"rss_mb":255,"heap_used_mb":122,"heap_total_mb":166.7},"node":"v20.20.2","pid":9,"db":"up","redis":"up","sse_clients":0,"console_clients":2,"level_counts":{"info":500}}
health: {"status":"ok","ts":"2026-10-05T16:11:21.114Z","uptime_seconds":1573,"memory":{"rss_mb":255,"heap_used_mb":123.8,"heap_total_mb":166.7},"node":"v20.20.2","pid":9,"db":"up","redis":"up","sse_clients":0,"console_clients":2,"level_counts":{"info":500}}
health: {"status":"ok","ts":"2026-10-05T16:11:26.114Z","uptime_seconds":1578,"memory":{"rss_mb":255,"heap_used_mb":122,"heap_total_mb":166.7},"node":"v20.20.2","pid":9,"db":"up","redis":"up","sse_clients":0,"console_clients":2,"level_counts":{"info":500}}
health: {"status":"ok","ts":"2026-10-05T16:11:31.115Z","uptime_seconds":1583,"memory":{"rss_mb":255,"heap_used_mb":127.6,"heap_total_mb":166.7},"node":"v20.20.2","pid":9,"db":"up","redis":"up","sse_clients":0,"console_clients":2,"level_counts":{"info":500}}
health: {"status":"ok","ts":"2026-10-05T16:11:36.117Z","uptime_seconds":1588,"memory":{"rss_mb":255,"heap_used_mb":124.2,"heap_total_mb":166.7},"node":"v20.20.2","pid":9,"db":"up","redis":"up","sse_clients":0,"console_clients":2,"level_counts":{"info":500}}
health: {"status":"ok","ts":"2026-10-05T16:11:41.117Z","uptime_seconds":1593,"memory":{"rss_mb":255.5,"heap_used_mb":133.7,"heap_total_mb":166.7},"node":"v20.20.2","pid":9,"db":"up","redis":"up","sse_clients":0,"console_clients":2,"level_counts":{"info":500}}
health: {"status":"ok","ts":"2026-10-05T16:11:46.117Z","uptime_seconds":1598,"memory":{"rss_mb":257.8,"heap_used_mb":135.5,"heap_total_mb":169.2},"node":"v20.20.2","pid":9,"db":"up","redis":"up","sse_clients":0,"console_clients":2,"level_counts":{"info":500}}
health: {"status":"ok","ts":"2026-10-05T16:11:51.119Z","uptime_seconds":1603,"memory":{"rss_mb":259.8,"heap_used_mb":108.4,"heap_total_mb":171.7},"node":"v20.20.2","pid":9,"db":"up","redis":"up","sse_clients":0,"console_clients":2,"level_counts":{"info":500}}
health: {"status":"ok","ts":"2026-10-05T16:11:56.120Z","uptime_seconds":1608,"memory":{"rss_mb":259.9,"heap_used_mb":112,"heap_total_mb":171.7},"node":"v20.20.2","pid":9,"db":"up","redis":"up","sse_clients":0,"console_clients":2,"level_counts":{"info":500}}
health: {"status":"ok","ts":"2026-10-05T16:12:01.123Z","uptime_seconds":1613,"memory":{"rss_mb":259.9,"heap_used_mb":123.3,"heap_total_mb":171.7},"node":"v20.20.2","pid":9,"db":"up","redis":"up","sse_clients":0,"console_clients":2,"level_counts":{"info":500}}
health: {"status":"ok","ts":"2026-10-05T16:12:06.123Z","uptime_seconds":1618,"memory":{"rss_mb":260,"heap_used_mb":123,"heap_total_mb":171.7},"node":"v20.20.2","pid":9,"db":"up","redis":"up","sse_clients":0,"console_clients":2,"level_counts":{"info":500}}
health: {"status":"ok","ts":"2026-10-05T16:12:11.124Z","uptime_seconds":1623,"memory":{"rss_mb":260.1,"heap_used_mb":127.4,"heap_total_mb":171.9},"node":"v20.20.2","pid":9,"db":"up","redis":"up","sse_clients":0,"console_clients":2,"level_counts":{"info":500}}
health: {"status":"ok","ts":"2026-10-05T16:12:16.124Z","uptime_seconds":1628,"memory":{"rss_mb":260.1,"heap_used_mb":125,"heap_total_mb":171.9},"node":"v20.20.2","pid":9,"db":"up","redis":"up","sse_clients":0,"console_clients":2,"level_counts":{"info":500}}
health: {"status":"ok","ts":"2026-10-05T16:12:21.123Z","uptime_seconds":1633,"memory":{"rss_mb":260.1,"heap_used_mb":125.3,"heap_total_mb":171.9},"node":"v20.20.2","pid":9,"db":"up","redis":"up","sse_clients":0,"console_clients":2,"level_counts":{"info":500}}
health: {"status":"ok","ts":"2026-10-05T16:12:26.123Z","uptime_seconds":1638,"memory":{"rss_mb":260,"heap_used_mb":125.4,"heap_total_mb":171.9},"node":"v20.20.2","pid":9,"db":"up","redis":"up","sse_clients":0,"console_clients":2,"level_counts":{"info":500}}
health: {"status":"ok","ts":"2026-10-05T16:12:31.126Z","uptime_seconds":1643,"memory":{"rss_mb":259.3,"heap_used_mb":110.1,"heap_total_mb":170.9},"node":"v20.20.2","pid":9,"db":"up","redis":"up","sse_clients":0,"console_clients":2,"level_counts":{"info":500}}
health: {"status":"ok","ts":"2026-10-05T16:12:36.126Z","uptime_seconds":1648,"memory":{"rss_mb":259.6,"heap_used_mb":118.8,"heap_total_mb":170.9},"node":"v20.20.2","pid":9,"db":"up","redis":"up","sse_clients":0,"console_clients":2,"level_counts":{"info":500}}
health: {"status":"ok","ts":"2026-10-05T16:12:41.126Z","uptime_seconds":1653,"memory":{"rss_mb":259.5,"heap_used_mb":115.3,"heap_total_mb":170.9},"node":"v20.20.2","pid":9,"db":"up","redis":"up","sse_clients":0,"console_clients":2,"level_counts":{"info":500}}
health: {"status":"ok","ts":"2026-10-05T16:12:46.127Z","uptime_seconds":1658,"memory":{"rss_mb":256.7,"heap_used_mb":112.8,"heap_total_mb":167.7},"node":"v20.20.2","pid":9,"db":"up","redis":"up","sse_clients":0,"console_clients":2,"level_counts":{"info":500}}
health: {"status":"ok","ts":"2026-10-05T16:12:51.127Z","uptime_seconds":1663,"memory":{"rss_mb":256.8,"heap_used_mb":121.2,"heap_total_mb":167.7},"node":"v20.20.2","pid":9,"db":"up","redis":"up","sse_clients":0,"console_clients":2,"level_counts":{"info":500}}
health: {"status":"ok","ts":"2026-10-05T16:12:56.128Z","uptime_seconds":1668,"memory":{"rss_mb":256.6,"heap_used_mb":114.5,"heap_total_mb":167.7},"node":"v20.20.2","pid":9,"db":"up","redis":"up","sse_clients":0,"console_clients":2,"level_counts":{"info":500}}
health: {"status":"ok","ts":"2026-10-05T16:13:01.134Z","uptime_seconds":1673,"memory":{"rss_mb":255.8,"heap_used_mb":110.9,"heap_total_mb":166.9},"node":"v20.20.2","pid":9,"db":"up","redis":"up","sse_clients":0,"console_clients":2,"level_counts":{"info":500}}
health: {"status":"ok","ts":"2026-10-05T16:13:06.134Z","uptime_seconds":1678,"memory":{"rss_mb":256,"heap_used_mb":115.8,"heap_total_mb":166.9},"node":"v20.20.2","pid":9,"db":"up","redis":"up","sse_clients":0,"console_clients":2,"level_counts":{"info":500}}
health: {"status":"ok","ts":"2026-10-05T16:13:11.134Z","uptime_seconds":1683,"memory":{"rss_mb":256.1,"heap_used_mb":121.1,"heap_total_mb":166.9},"node":"v20.20.2","pid":9,"db":"up","redis":"up","sse_clients":0,"console_clients":2,"level_counts":{"info":500}}
health: {"status":"ok","ts":"2026-10-05T16:13:16.134Z","uptime_seconds":1688,"memory":{"rss_mb":255.8,"heap_used_mb":119,"heap_total_mb":166.9},"node":"v20.20.2","pid":9,"db":"up","redis":"up","sse_clients":0,"console_clients":2,"level_counts":{"info":500}}
health: {"status":"ok","ts":"2026-10-05T16:13:21.136Z","uptime_seconds":1693,"memory":{"rss_mb":256.1,"heap_used_mb":112.2,"heap_total_mb":167.9},"node":"v20.20.2","pid":9,"db":"up","redis":"up","sse_clients":0,"console_clients":2,"level_counts":{"info":500}}
health: {"status":"ok","ts":"2026-10-05T16:13:26.137Z","uptime_seconds":1698,"memory":{"rss_mb":256.3,"heap_used_mb":116.2,"heap_total_mb":167.9},"node":"v20.20.2","pid":9,"db":"up","redis":"up","sse_clients":0,"console_clients":2,"level_counts":{"info":500}}
health: {"status":"ok","ts":"2026-10-05T16:13:31.138Z","uptime_seconds":1703,"memory":{"rss_mb":256.1,"heap_used_mb":122.1,"heap_total_mb":167.9},"node":"v20.20.2","pid":9,"db":"up","redis":"up","sse_clients":0,"console_clients":2,"level_counts":{"info":500}}
health: {"status":"ok","ts":"2026-10-05T16:13:36.138Z","uptime_seconds":1708,"memory":{"rss_mb":256.4,"heap_used_mb":124.7,"heap_total_mb":167.9},"node":"v20.20.2","pid":9,"db":"up","redis":"up","sse_clients":0,"console_clients":2,"level_counts":{"info":500}}
health: {"status":"ok","ts":"2026-10-05T16:13:41.138Z","uptime_seconds":1713,"memory":{"rss_mb":255.9,"heap_used_mb":116.3,"heap_total_mb":167.4},"node":"v20.20.2","pid":9,"db":"up","redis":"up","sse_clients":0,"console_clients":2,"level_counts":{"info":500}}
health: {"status":"ok","ts":"2026-10-05T16:13:46.138Z","uptime_seconds":1718,"memory":{"rss_mb":255.8,"heap_used_mb":117.9,"heap_total_mb":167.4},"node":"v20.20.2","pid":9,"db":"up","redis":"up","sse_clients":0,"console_clients":2,"level_counts":{"info":500}}
health: {"status":"ok","ts":"2026-10-05T16:13:51.141Z","uptime_seconds":1723,"memory":{"rss_mb":255.8,"heap_used_mb":121.8,"heap_total_mb":167.4},"node":"v20.20.2","pid":9,"db":"up","redis":"up","sse_clients":0,"console_clients":2,"level_counts":{"info":500}}
health: {"status":"ok","ts":"2026-10-05T16:13:56.143Z","uptime_seconds":1728,"memory":{"rss_mb":255.6,"heap_used_mb":119.6,"heap_total_mb":167.4},"node":"v20.20.2","pid":9,"db":"up","redis":"up","sse_clients":0,"console_clients":2,"level_counts":{"info":500}}
health: {"status":"ok","ts":"2026-10-05T16:14:01.144Z","uptime_seconds":1733,"memory":{"rss_mb":253.9,"heap_used_mb":113.8,"heap_total_mb":165.7},"node":"v20.20.2","pid":9,"db":"up","redis":"up","sse_clients":0,"console_clients":2,"level_counts":{"info":500}}
health: {"status":"ok","ts":"2026-10-05T16:14:06.144Z","uptime_seconds":1738,"memory":{"rss_mb":253.9,"heap_used_mb":120.7,"heap_total_mb":165.7},"node":"v20.20.2","pid":9,"db":"up","redis":"up","sse_clients":0,"console_clients":2,"level_counts":{"info":500}}
health: {"status":"ok","ts":"2026-10-05T16:14:11.145Z","uptime_seconds":1743,"memory":{"rss_mb":253.9,"heap_used_mb":115.8,"heap_total_mb":165.7},"node":"v20.20.2","pid":9,"db":"up","redis":"up","sse_clients":0,"console_clients":2,"level_counts":{"info":500}}
health: {"status":"ok","ts":"2026-10-05T16:14:16.145Z","uptime_seconds":1748,"memory":{"rss_mb":253.9,"heap_used_mb":118.2,"heap_total_mb":165.7},"node":"v20.20.2","pid":9,"db":"up","redis":"up","sse_clients":0,"console_clients":2,"level_counts":{"info":500}}
health: {"status":"ok","ts":"2026-10-05T16:14:21.145Z","uptime_seconds":1753,"memory":{"rss_mb":253.9,"heap_used_mb":109.4,"heap_total_mb":165.9},"node":"v20.20.2","pid":9,"db":"up","redis":"up","sse_clients":0,"console_clients":2,"level_counts":{"info":500}}
health: {"status":"ok","ts":"2026-10-05T16:14:26.146Z","uptime_seconds":1758,"memory":{"rss_mb":254.2,"heap_used_mb":117.4,"heap_total_mb":165.9},"node":"v20.20.2","pid":9,"db":"up","redis":"up","sse_clients":0,"console_clients":2,"level_counts":{"info":500}}
health: {"status":"ok","ts":"2026-10-05T16:14:31.146Z","uptime_seconds":1763,"memory":{"rss_mb":254.5,"heap_used_mb":123.9,"heap_total_mb":165.9},"node":"v20.20.2","pid":9,"db":"up","redis":"up","sse_clients":0,"console_clients":2,"level_counts":{"info":500}}
health: {"status":"ok","ts":"2026-10-05T16:14:36.146Z","uptime_seconds":1768,"memory":{"rss_mb":254.3,"heap_used_mb":122.3,"heap_total_mb":165.9},"node":"v20.20.2","pid":9,"db":"up","redis":"up","sse_clients":0,"console_clients":2,"level_counts":{"info":500}}
health: {"status":"ok","ts":"2026-10-05T16:14:41.146Z","uptime_seconds":1773,"memory":{"rss_mb":254.1,"heap_used_mb":125.4,"heap_total_mb":165.9},"node":"v20.20.2","pid":9,"db":"up","redis":"up","sse_clients":0,"console_clients":2,"level_counts":{"info":500}}
health: {"status":"ok","ts":"2026-10-05T16:14:46.146Z","uptime_seconds":1778,"memory":{"rss_mb":253.9,"heap_used_mb":113.4,"heap_total_mb":165.7},"node":"v20.20.2","pid":9,"db":"up","redis":"up","sse_clients":0,"console_clients":2,"level_counts":{"info":500}}
health: {"status":"ok","ts":"2026-10-05T16:14:51.146Z","uptime_seconds":1783,"memory":{"rss_mb":253.8,"heap_used_mb":113.1,"heap_total_mb":165.7},"node":"v20.20.2","pid":9,"db":"up","redis":"up","sse_clients":0,"console_clients":2,"level_counts":{"info":500}}
health: {"status":"ok","ts":"2026-10-05T16:14:56.146Z","uptime_seconds":1788,"memory":{"rss_mb":253.9,"heap_used_mb":123,"heap_total_mb":165.7},"node":"v20.20.2","pid":9,"db":"up","redis":"up","sse_clients":0,"console_clients":2,"level_counts":{"info":500}}
health: {"status":"ok","ts":"2026-10-05T16:15:01.146Z","uptime_seconds":1793,"memory":{"rss_mb":253.7,"heap_used_mb":119,"heap_total_mb":165.7},"node":"v20.20.2","pid":9,"db":"up","redis":"up","sse_clients":0,"console_clients":2,"level_counts":{"info":500}}
health: {"status":"ok","ts":"2026-10-05T16:15:06.147Z","uptime_seconds":1798,"memory":{"rss_mb":253.8,"heap_used_mb":111.4,"heap_total_mb":165.4},"node":"v20.20.2","pid":9,"db":"up","redis":"up","sse_clients":0,"console_clients":2,"level_counts":{"info":500}}
health: {"status":"ok","ts":"2026-10-05T16:15:11.148Z","uptime_seconds":1803,"memory":{"rss_mb":253.4,"heap_used_mb":109.5,"heap_total_mb":165.4},"node":"v20.20.2","pid":9,"db":"up","redis":"up","sse_clients":0,"console_clients":2,"level_counts":{"info":500}}
health: {"status":"ok","ts":"2026-10-05T16:15:16.149Z","uptime_seconds":1808,"memory":{"rss_mb":253.6,"heap_used_mb":114.6,"heap_total_mb":165.4},"node":"v20.20.2","pid":9,"db":"up","redis":"up","sse_clients":0,"console_clients":2,"level_counts":{"info":500}}
health: {"status":"ok","ts":"2026-10-05T16:15:21.155Z","uptime_seconds":1813,"memory":{"rss_mb":253.3,"heap_used_mb":115.9,"heap_total_mb":165.4},"node":"v20.20.2","pid":9,"db":"up","redis":"up","sse_clients":0,"console_clients":2,"level_counts":{"info":500}}
health: {"status":"ok","ts":"2026-10-05T16:15:26.155Z","uptime_seconds":1818,"memory":{"rss_mb":254,"heap_used_mb":127.9,"heap_total_mb":165.4},"node":"v20.20.2","pid":9,"db":"up","redis":"up","sse_clients":0,"console_clients":2,"level_counts":{"info":500}}
health: {"status":"ok","ts":"2026-10-05T16:15:31.157Z","uptime_seconds":1823,"memory":{"rss_mb":253.5,"heap_used_mb":105.9,"heap_total_mb":165.9},"node":"v20.20.2","pid":9,"db":"up","redis":"up","sse_clients":0,"console_clients":2,"level_counts":{"info":500}}
health: {"status":"ok","ts":"2026-10-05T16:15:36.158Z","uptime_seconds":1828,"memory":{"rss_mb":253.5,"heap_used_mb":110.4,"heap_total_mb":165.9},"node":"v20.20.2","pid":9,"db":"up","redis":"up","sse_clients":0,"console_clients":2,"level_counts":{"info":500}}
health: {"status":"ok","ts":"2026-10-05T16:15:41.159Z","uptime_seconds":1833,"memory":{"rss_mb":253.7,"heap_used_mb":113.2,"heap_total_mb":165.9},"node":"v20.20.2","pid":9,"db":"up","redis":"up","sse_clients":0,"console_clients":2,"level_counts":{"info":500}}
health: {"status":"ok","ts":"2026-10-05T16:15:46.159Z","uptime_seconds":1838,"memory":{"rss_mb":253.7,"heap_used_mb":118.3,"heap_total_mb":165.9},"node":"v20.20.2","pid":9,"db":"up","redis":"up","sse_clients":0,"console_clients":2,"level_counts":{"info":500}}
health: {"status":"ok","ts":"2026-10-05T16:15:51.159Z","uptime_seconds":1843,"memory":{"rss_mb":253.7,"heap_used_mb":122.5,"heap_total_mb":165.9},"node":"v20.20.2","pid":9,"db":"up","redis":"up","sse_clients":0,"console_clients":2,"level_counts":{"info":500}}
health: {"status":"ok","ts":"2026-10-05T16:15:56.159Z","uptime_seconds":1848,"memory":{"rss_mb":253.2,"heap_used_mb":115.2,"heap_total_mb":165.2},"node":"v20.20.2","pid":9,"db":"up","redis":"up","sse_clients":0,"console_clients":2,"level_counts":{"info":500}}
health: {"status":"ok","ts":"2026-10-05T16:16:01.161Z","uptime_seconds":1853,"memory":{"rss_mb":253.4,"heap_used_mb":119.3,"heap_total_mb":165.2},"node":"v20.20.2","pid":9,"db":"up","redis":"up","sse_clients":0,"console_clients":2,"level_counts":{"info":500}}
health: {"status":"ok","ts":"2026-10-05T16:16:06.160Z","uptime_seconds":1858,"memory":{"rss_mb":253.5,"heap_used_mb":122.4,"heap_total_mb":165.2},"node":"v20.20.2","pid":9,"db":"up","redis":"up","sse_clients":0,"console_clients":2,"level_counts":{"info":500}}
health: {"status":"ok","ts":"2026-10-05T16:16:11.160Z","uptime_seconds":1863,"memory":{"rss_mb":253.5,"heap_used_mb":123.9,"heap_total_mb":165.4},"node":"v20.20.2","pid":9,"db":"up","redis":"up","sse_clients":0,"console_clients":2,"level_counts":{"info":500}}
health: {"status":"ok","ts":"2026-10-05T16:16:16.160Z","uptime_seconds":1868,"memory":{"rss_mb":253.5,"heap_used_mb":129.5,"heap_total_mb":165.4},"node":"v20.20.2","pid":9,"db":"up","redis":"up","sse_clients":0,"console_clients":2,"level_counts":{"info":500}}
health: {"status":"ok","ts":"2026-10-05T16:16:21.161Z","uptime_seconds":1873,"memory":{"rss_mb":254,"heap_used_mb":128.4,"heap_total_mb":165.9},"node":"v20.20.2","pid":9,"db":"up","redis":"up","sse_clients":0,"console_clients":2,"level_counts":{"info":500}}
health: {"status":"ok","ts":"2026-10-05T16:16:26.161Z","uptime_seconds":1878,"memory":{"rss_mb":254.3,"heap_used_mb":112.5,"heap_total_mb":166.9},"node":"v20.20.2","pid":9,"db":"up","redis":"up","sse_clients":0,"console_clients":2,"level_counts":{"info":500}}
health: {"status":"ok","ts":"2026-10-05T16:16:31.161Z","uptime_seconds":1883,"memory":{"rss_mb":254.4,"heap_used_mb":113.5,"heap_total_mb":166.9},"node":"v20.20.2","pid":9,"db":"up","redis":"up","sse_clients":0,"console_clients":2,"level_counts":{"info":500}}
health: {"status":"ok","ts":"2026-10-05T16:16:36.162Z","uptime_seconds":1888,"memory":{"rss_mb":254.6,"heap_used_mb":116.2,"heap_total_mb":166.9},"node":"v20.20.2","pid":9,"db":"up","redis":"up","sse_clients":0,"console_clients":2,"level_counts":{"info":500}}
health: {"status":"ok","ts":"2026-10-05T16:16:41.162Z","uptime_seconds":1893,"memory":{"rss_mb":254.6,"heap_used_mb":122.6,"heap_total_mb":166.9},"node":"v20.20.2","pid":9,"db":"up","redis":"up","sse_clients":0,"console_clients":2,"level_counts":{"info":500}}
health: {"status":"ok","ts":"2026-10-05T16:16:46.162Z","uptime_seconds":1898,"memory":{"rss_mb":254.9,"heap_used_mb":121.8,"heap_total_mb":166.9},"node":"v20.20.2","pid":9,"db":"up","redis":"up","sse_clients":0,"console_clients":2,"level_counts":{"info":500}}
health: {"status":"ok","ts":"2026-10-05T16:16:51.163Z","uptime_seconds":1903,"memory":{"rss_mb":255.1,"heap_used_mb":113.1,"heap_total_mb":167.2},"node":"v20.20.2","pid":9,"db":"up","redis":"up","sse_clients":0,"console_clients":2,"level_counts":{"info":500}}
health: {"status":"ok","ts":"2026-10-05T16:16:56.163Z","uptime_seconds":1908,"memory":{"rss_mb":255.2,"heap_used_mb":118.5,"heap_total_mb":167.2},"node":"v20.20.2","pid":9,"db":"up","redis":"up","sse_clients":0,"console_clients":2,"level_counts":{"info":500}}
health: {"status":"ok","ts":"2026-10-05T16:17:01.164Z","uptime_seconds":1913,"memory":{"rss_mb":254.9,"heap_used_mb":115.7,"heap_total_mb":167.2},"node":"v20.20.2","pid":9,"db":"up","redis":"up","sse_clients":0,"console_clients":2,"level_counts":{"info":500}}
health: {"status":"ok","ts":"2026-10-05T16:17:06.163Z","uptime_seconds":1918,"memory":{"rss_mb":255.2,"heap_used_mb":118.2,"heap_total_mb":167.2},"node":"v20.20.2","pid":9,"db":"up","redis":"up","sse_clients":0,"console_clients":2,"level_counts":{"info":500}}
health: {"status":"ok","ts":"2026-10-05T16:17:11.163Z","uptime_seconds":1923,"memory":{"rss_mb":249.7,"heap_used_mb":109.7,"heap_total_mb":161.7},"node":"v20.20.2","pid":9,"db":"up","redis":"up","sse_clients":0,"console_clients":2,"level_counts":{"info":500}}
health: {"status":"ok","ts":"2026-10-05T16:17:16.163Z","uptime_seconds":1928,"memory":{"rss_mb":249.7,"heap_used_mb":110.3,"heap_total_mb":161.7},"node":"v20.20.2","pid":9,"db":"up","redis":"up","sse_clients":0,"console_clients":2,"level_counts":{"info":500}}
health: {"status":"ok","ts":"2026-10-05T16:17:21.165Z","uptime_seconds":1933,"memory":{"rss_mb":250,"heap_used_mb":118.6,"heap_total_mb":161.7},"node":"v20.20.2","pid":9,"db":"up","redis":"up","sse_clients":0,"console_clients":2,"level_counts":{"info":500}}
health: {"status":"ok","ts":"2026-10-05T16:17:26.165Z","uptime_seconds":1938,"memory":{"rss_mb":250.2,"heap_used_mb":126.7,"heap_total_mb":161.7},"node":"v20.20.2","pid":9,"db":"up","redis":"up","sse_clients":0,"console_clients":2,"level_counts":{"info":500}}
health: {"status":"ok","ts":"2026-10-05T16:17:31.165Z","uptime_seconds":1943,"memory":{"rss_mb":250.5,"heap_used_mb":110.5,"heap_total_mb":162.2},"node":"v20.20.2","pid":9,"db":"up","redis":"up","sse_clients":0,"console_clients":2,"level_counts":{"info":500}}
health: {"status":"ok","ts":"2026-10-05T16:17:36.166Z","uptime_seconds":1948,"memory":{"rss_mb":250.8,"heap_used_mb":119.9,"heap_total_mb":162.2},"node":"v20.20.2","pid":9,"db":"up","redis":"up","sse_clients":0,"console_clients":2,"level_counts":{"info":500}}
health: {"status":"ok","ts":"2026-10-05T16:17:41.166Z","uptime_seconds":1953,"memory":{"rss_mb":250.4,"heap_used_mb":113.7,"heap_total_mb":162.2},"node":"v20.20.2","pid":9,"db":"up","redis":"up","sse_clients":0,"console_clients":2,"level_counts":{"info":500}}
health: {"status":"ok","ts":"2026-10-05T16:17:46.168Z","uptime_seconds":1958,"memory":{"rss_mb":250.6,"heap_used_mb":123.5,"heap_total_mb":162.2},"node":"v20.20.2","pid":9,"db":"up","redis":"up","sse_clients":0,"console_clients":2,"level_counts":{"info":500}}
health: {"status":"ok","ts":"2026-10-05T16:17:51.168Z","uptime_seconds":1963,"memory":{"rss_mb":250.3,"heap_used_mb":117,"heap_total_mb":162.2},"node":"v20.20.2","pid":9,"db":"up","redis":"up","sse_clients":0,"console_clients":2,"level_counts":{"info":500}}
health: {"status":"ok","ts":"2026-10-05T16:17:56.168Z","uptime_seconds":1968,"memory":{"rss_mb":251,"heap_used_mb":124.2,"heap_total_mb":162.7},"node":"v20.20.2","pid":9,"db":"up","redis":"up","sse_clients":0,"console_clients":2,"level_counts":{"info":500}}
health: {"status":"ok","ts":"2026-10-05T16:18:01.176Z","uptime_seconds":1973,"memory":{"rss_mb":253,"heap_used_mb":115.1,"heap_total_mb":164.7},"node":"v20.20.2","pid":9,"db":"up","redis":"up","sse_clients":0,"console_clients":2,"level_counts":{"info":500}}
health: {"status":"ok","ts":"2026-10-05T16:18:06.177Z","uptime_seconds":1978,"memory":{"rss_mb":252.8,"heap_used_mb":116.8,"heap_total_mb":164.7},"node":"v20.20.2","pid":9,"db":"up","redis":"up","sse_clients":0,"console_clients":2,"level_counts":{"info":500}}
health: {"status":"ok","ts":"2026-10-05T16:18:11.177Z","uptime_seconds":1983,"memory":{"rss_mb":252.8,"heap_used_mb":116.2,"heap_total_mb":164.7},"node":"v20.20.2","pid":9,"db":"up","redis":"up","sse_clients":0,"console_clients":2,"level_counts":{"info":500}}
health: {"status":"ok","ts":"2026-10-05T16:18:16.177Z","uptime_seconds":1988,"memory":{"rss_mb":253,"heap_used_mb":121.6,"heap_total_mb":164.7},"node":"v20.20.2","pid":9,"db":"up","redis":"up","sse_clients":0,"console_clients":2,"level_counts":{"info":500}}
health: {"status":"ok","ts":"2026-10-05T16:18:21.177Z","uptime_seconds":1993,"memory":{"rss_mb":252.7,"heap_used_mb":118.6,"heap_total_mb":164.7},"node":"v20.20.2","pid":9,"db":"up","redis":"up","sse_clients":0,"console_clients":2,"level_counts":{"info":500}}
health: {"status":"ok","ts":"2026-10-05T16:18:26.183Z","uptime_seconds":1998,"memory":{"rss_mb":252.8,"heap_used_mb":125.3,"heap_total_mb":164.7},"node":"v20.20.2","pid":9,"db":"up","redis":"up","sse_clients":0,"console_clients":2,"level_counts":{"info":500}}
health: {"status":"ok","ts":"2026-10-05T16:18:31.183Z","uptime_seconds":2003,"memory":{"rss_mb":253.1,"heap_used_mb":116.7,"heap_total_mb":164.9},"node":"v20.20.2","pid":9,"db":"up","redis":"up","sse_clients":0,"console_clients":2,"level_counts":{"info":500}}
health: {"status":"ok","ts":"2026-10-05T16:18:36.183Z","uptime_seconds":2008,"memory":{"rss_mb":252.9,"heap_used_mb":112.4,"heap_total_mb":164.9},"node":"v20.20.2","pid":9,"db":"up","redis":"up","sse_clients":0,"console_clients":2,"level_counts":{"info":500}}
health: {"status":"ok","ts":"2026-10-05T16:18:41.184Z","uptime_seconds":2013,"memory":{"rss_mb":253,"heap_used_mb":114.5,"heap_total_mb":164.9},"node":"v20.20.2","pid":9,"db":"up","redis":"up","sse_clients":0,"console_clients":2,"level_counts":{"info":500}}
health: {"status":"ok","ts":"2026-10-05T16:18:46.184Z","uptime_seconds":2018,"memory":{"rss_mb":252.9,"heap_used_mb":115.6,"heap_total_mb":164.9},"node":"v20.20.2","pid":9,"db":"up","redis":"up","sse_clients":0,"console_clients":2,"level_counts":{"info":500}}
health: {"status":"ok","ts":"2026-10-05T16:18:51.185Z","uptime_seconds":2023,"memory":{"rss_mb":251.9,"heap_used_mb":113.8,"heap_total_mb":163.7},"node":"v20.20.2","pid":9,"db":"up","redis":"up","sse_clients":0,"console_clients":2,"level_counts":{"info":500}}
health: {"status":"ok","ts":"2026-10-05T16:18:56.185Z","uptime_seconds":2028,"memory":{"rss_mb":252.3,"heap_used_mb":119.8,"heap_total_mb":163.7},"node":"v20.20.2","pid":9,"db":"up","redis":"up","sse_clients":0,"console_clients":2,"level_counts":{"info":500}}
health: {"status":"ok","ts":"2026-10-05T16:19:01.186Z","uptime_seconds":2033,"memory":{"rss_mb":251.9,"heap_used_mb":117.1,"heap_total_mb":163.7},"node":"v20.20.2","pid":9,"db":"up","redis":"up","sse_clients":0,"console_clients":2,"level_counts":{"info":500}}
health: {"status":"ok","ts":"2026-10-05T16:19:06.186Z","uptime_seconds":2038,"memory":{"rss_mb":252,"heap_used_mb":117.3,"heap_total_mb":163.7},"node":"v20.20.2","pid":9,"db":"up","redis":"up","sse_clients":0,"console_clients":2,"level_counts":{"info":500}}
health: {"status":"ok","ts":"2026-10-05T16:19:11.187Z","uptime_seconds":2043,"memory":{"rss_mb":252,"heap_used_mb":126.4,"heap_total_mb":163.7},"node":"v20.20.2","pid":9,"db":"up","redis":"up","sse_clients":0,"console_clients":2,"level_counts":{"info":500}}
health: {"status":"ok","ts":"2026-10-05T16:19:16.187Z","uptime_seconds":2048,"memory":{"rss_mb":252.3,"heap_used_mb":115.2,"heap_total_mb":164.2},"node":"v20.20.2","pid":9,"db":"up","redis":"up","sse_clients":0,"console_clients":2,"level_counts":{"info":500}}
health: {"status":"ok","ts":"2026-10-05T16:19:21.186Z","uptime_seconds":2053,"memory":{"rss_mb":251.8,"heap_used_mb":110.5,"heap_total_mb":164.2},"node":"v20.20.2","pid":9,"db":"up","redis":"up","sse_clients":0,"console_clients":2,"level_counts":{"info":500}}
health: {"status":"ok","ts":"2026-10-05T16:19:26.187Z","uptime_seconds":2058,"memory":{"rss_mb":252.2,"heap_used_mb":121.8,"heap_total_mb":164.2},"node":"v20.20.2","pid":9,"db":"up","redis":"up","sse_clients":0,"console_clients":2,"level_counts":{"info":500}}
health: {"status":"ok","ts":"2026-10-05T16:19:31.187Z","uptime_seconds":2063,"memory":{"rss_mb":252,"heap_used_mb":113.1,"heap_total_mb":164.2},"node":"v20.20.2","pid":9,"db":"up","redis":"up","sse_clients":0,"console_clients":2,"level_counts":{"info":500}}
health: {"status":"ok","ts":"2026-10-05T16:19:36.187Z","uptime_seconds":2068,"memory":{"rss_mb":252,"heap_used_mb":123.2,"heap_total_mb":164.2},"node":"v20.20.2","pid":9,"db":"up","redis":"up","sse_clients":0,"console_clients":2,"level_counts":{"info":500}}
health: {"status":"ok","ts":"2026-10-05T16:19:41.187Z","uptime_seconds":2073,"memory":{"rss_mb":252.1,"heap_used_mb":118.8,"heap_total_mb":164.2},"node":"v20.20.2","pid":9,"db":"up","redis":"up","sse_clients":0,"console_clients":2,"level_counts":{"info":500}}
health: {"status":"ok","ts":"2026-10-05T16:19:46.188Z","uptime_seconds":2078,"memory":{"rss_mb":252.1,"heap_used_mb":117.2,"heap_total_mb":164.2},"node":"v20.20.2","pid":9,"db":"up","redis":"up","sse_clients":0,"console_clients":2,"level_counts":{"info":500}}
health: {"status":"ok","ts":"2026-10-05T16:19:51.187Z","uptime_seconds":2083,"memory":{"rss_mb":252.1,"heap_used_mb":128.9,"heap_total_mb":164.2},"node":"v20.20.2","pid":9,"db":"up","redis":"up","sse_clients":0,"console_clients":2,"level_counts":{"info":500}}
health: {"status":"ok","ts":"2026-10-05T16:19:56.187Z","uptime_seconds":2088,"memory":{"rss_mb":252.2,"heap_used_mb":130,"heap_total_mb":164.2},"node":"v20.20.2","pid":9,"db":"up","redis":"up","sse_clients":0,"console_clients":2,"level_counts":{"info":500}}
health: {"status":"ok","ts":"2026-10-05T16:20:01.188Z","uptime_seconds":2093,"memory":{"rss_mb":253.3,"heap_used_mb":109,"heap_total_mb":165.4},"node":"v20.20.2","pid":9,"db":"up","redis":"up","sse_clients":0,"console_clients":2,"level_counts":{"info":500}}
health: {"status":"ok","ts":"2026-10-05T16:20:06.188Z","uptime_seconds":2098,"memory":{"rss_mb":253.2,"heap_used_mb":112.5,"heap_total_mb":165.4},"node":"v20.20.2","pid":9,"db":"up","redis":"up","sse_clients":0,"console_clients":2,"level_counts":{"info":500}}
health: {"status":"ok","ts":"2026-10-05T16:20:11.189Z","uptime_seconds":2103,"memory":{"rss_mb":253.3,"heap_used_mb":115.1,"heap_total_mb":165.4},"node":"v20.20.2","pid":9,"db":"up","redis":"up","sse_clients":0,"console_clients":2,"level_counts":{"info":500}}
health: {"status":"ok","ts":"2026-10-05T16:20:16.192Z","uptime_seconds":2108,"memory":{"rss_mb":253.1,"heap_used_mb":121.6,"heap_total_mb":165.4},"node":"v20.20.2","pid":9,"db":"up","redis":"up","sse_clients":0,"console_clients":2,"level_counts":{"info":500}}
health: {"status":"ok","ts":"2026-10-05T16:20:21.197Z","uptime_seconds":2113,"memory":{"rss_mb":253.4,"heap_used_mb":125.3,"heap_total_mb":165.4},"node":"v20.20.2","pid":9,"db":"up","redis":"up","sse_clients":0,"console_clients":2,"level_counts":{"info":500}}
health: {"status":"ok","ts":"2026-10-05T16:20:26.192Z","uptime_seconds":2118,"memory":{"rss_mb":253.2,"heap_used_mb":124.2,"heap_total_mb":165.4},"node":"v20.20.2","pid":9,"db":"up","redis":"up","sse_clients":0,"console_clients":2,"level_counts":{"info":500}}
health: {"status":"ok","ts":"2026-10-05T16:20:31.192Z","uptime_seconds":2123,"memory":{"rss_mb":253.1,"heap_used_mb":124.7,"heap_total_mb":165.4},"node":"v20.20.2","pid":9,"db":"up","redis":"up","sse_clients":0,"console_clients":2,"level_counts":{"info":500}}
health: {"status":"ok","ts":"2026-10-05T16:20:36.197Z","uptime_seconds":2128,"memory":{"rss_mb":254.1,"heap_used_mb":128.8,"heap_total_mb":165.9},"node":"v20.20.2","pid":9,"db":"up","redis":"up","sse_clients":0,"console_clients":2,"level_counts":{"info":500}}
health: {"status":"ok","ts":"2026-10-05T16:20:41.193Z","uptime_seconds":2133,"memory":{"rss_mb":255.1,"heap_used_mb":112.6,"heap_total_mb":168.4},"node":"v20.20.2","pid":9,"db":"up","redis":"up","sse_clients":0,"console_clients":2,"level_counts":{"info":500}}
health: {"status":"ok","ts":"2026-10-05T16:20:46.195Z","uptime_seconds":2138,"memory":{"rss_mb":255.5,"heap_used_mb":109.1,"heap_total_mb":168.4},"node":"v20.20.2","pid":9,"db":"up","redis":"up","sse_clients":0,"console_clients":2,"level_counts":{"info":500}}
health: {"status":"ok","ts":"2026-10-05T16:20:51.199Z","uptime_seconds":2143,"memory":{"rss_mb":255.8,"heap_used_mb":122.7,"heap_total_mb":168.4},"node":"v20.20.2","pid":9,"db":"up","redis":"up","sse_clients":0,"console_clients":2,"level_counts":{"info":500}}
health: {"status":"ok","ts":"2026-10-05T16:20:56.194Z","uptime_seconds":2148,"memory":{"rss_mb":255.6,"heap_used_mb":122,"heap_total_mb":168.4},"node":"v20.20.2","pid":9,"db":"up","redis":"up","sse_clients":0,"console_clients":2,"level_counts":{"info":500}}
health: {"status":"ok","ts":"2026-10-05T16:21:01.195Z","uptime_seconds":2153,"memory":{"rss_mb":255.4,"heap_used_mb":123.5,"heap_total_mb":168.4},"node":"v20.20.2","pid":9,"db":"up","redis":"up","sse_clients":0,"console_clients":2,"level_counts":{"info":500}}
health: {"status":"ok","ts":"2026-10-05T16:21:06.199Z","uptime_seconds":2158,"memory":{"rss_mb":255.6,"heap_used_mb":121.5,"heap_total_mb":168.4},"node":"v20.20.2","pid":9,"db":"up","redis":"up","sse_clients":0,"console_clients":2,"level_counts":{"info":500}}
health: {"status":"ok","ts":"2026-10-05T16:21:11.195Z","uptime_seconds":2163,"memory":{"rss_mb":255.7,"heap_used_mb":129.2,"heap_total_mb":168.4},"node":"v20.20.2","pid":9,"db":"up","redis":"up","sse_clients":0,"console_clients":2,"level_counts":{"info":500}}
health: {"status":"ok","ts":"2026-10-05T16:21:16.195Z","uptime_seconds":2168,"memory":{"rss_mb":255.5,"heap_used_mb":115.5,"heap_total_mb":168.4},"node":"v20.20.2","pid":9,"db":"up","redis":"up","sse_clients":0,"console_clients":2,"level_counts":{"info":500}}
health: {"status":"ok","ts":"2026-10-05T16:21:21.201Z","uptime_seconds":2173,"memory":{"rss_mb":255.5,"heap_used_mb":114.2,"heap_total_mb":168.4},"node":"v20.20.2","pid":9,"db":"up","redis":"up","sse_clients":0,"console_clients":2,"level_counts":{"info":500}}
health: {"status":"ok","ts":"2026-10-05T16:21:26.195Z","uptime_seconds":2178,"memory":{"rss_mb":255.2,"heap_used_mb":111.4,"heap_total_mb":168.4},"node":"v20.20.2","pid":9,"db":"up","redis":"up","sse_clients":0,"console_clients":2,"level_counts":{"info":500}}
health: {"status":"ok","ts":"2026-10-05T16:21:31.200Z","uptime_seconds":2183,"memory":{"rss_mb":255.6,"heap_used_mb":123.9,"heap_total_mb":168.4},"node":"v20.20.2","pid":9,"db":"up","redis":"up","sse_clients":0,"console_clients":2,"level_counts":{"info":500}}
health: {"status":"ok","ts":"2026-10-05T16:21:36.203Z","uptime_seconds":2188,"memory":{"rss_mb":255.4,"heap_used_mb":122.1,"heap_total_mb":168.4},"node":"v20.20.2","pid":9,"db":"up","redis":"up","sse_clients":0,"console_clients":2,"level_counts":{"info":500}}
health: {"status":"ok","ts":"2026-10-05T16:21:41.200Z","uptime_seconds":2193,"memory":{"rss_mb":255.2,"heap_used_mb":123.3,"heap_total_mb":168.4},"node":"v20.20.2","pid":9,"db":"up","redis":"up","sse_clients":0,"console_clients":2,"level_counts":{"info":500}}
health: {"status":"ok","ts":"2026-10-05T16:21:46.200Z","uptime_seconds":2198,"memory":{"rss_mb":255,"heap_used_mb":106.5,"heap_total_mb":168.2},"node":"v20.20.2","pid":9,"db":"up","redis":"up","sse_clients":0,"console_clients":2,"level_counts":{"info":500}}
health: {"status":"ok","ts":"2026-10-05T16:21:51.204Z","uptime_seconds":2203,"memory":{"rss_mb":255,"heap_used_mb":114.9,"heap_total_mb":168.2},"node":"v20.20.2","pid":9,"db":"up","redis":"up","sse_clients":0,"console_clients":2,"level_counts":{"info":500}}
health: {"status":"ok","ts":"2026-10-05T16:21:56.200Z","uptime_seconds":2208,"memory":{"rss_mb":255.4,"heap_used_mb":121,"heap_total_mb":168.2},"node":"v20.20.2","pid":9,"db":"up","redis":"up","sse_clients":0,"console_clients":2,"level_counts":{"info":500}}
health: {"status":"ok","ts":"2026-10-05T16:22:01.200Z","uptime_seconds":2213,"memory":{"rss_mb":255.2,"heap_used_mb":117.2,"heap_total_mb":168.2},"node":"v20.20.2","pid":9,"db":"up","redis":"up","sse_clients":0,"console_clients":2,"level_counts":{"info":500}}
health: {"status":"ok","ts":"2026-10-05T16:22:06.204Z","uptime_seconds":2218,"memory":{"rss_mb":255.1,"heap_used_mb":116.5,"heap_total_mb":168.2},"node":"v20.20.2","pid":9,"db":"up","redis":"up","sse_clients":0,"console_clients":2,"level_counts":{"info":500}}
health: {"status":"ok","ts":"2026-10-05T16:22:11.200Z","uptime_seconds":2223,"memory":{"rss_mb":255.2,"heap_used_mb":121.9,"heap_total_mb":168.2},"node":"v20.20.2","pid":9,"db":"up","redis":"up","sse_clients":0,"console_clients":2,"level_counts":{"info":500}}
health: {"status":"ok","ts":"2026-10-05T16:22:16.201Z","uptime_seconds":2228,"memory":{"rss_mb":255,"heap_used_mb":126.2,"heap_total_mb":168.2},"node":"v20.20.2","pid":9,"db":"up","redis":"up","sse_clients":0,"console_clients":2,"level_counts":{"info":500}}
health: {"status":"ok","ts":"2026-10-05T16:22:21.206Z","uptime_seconds":2233,"memory":{"rss_mb":255.1,"heap_used_mb":128.9,"heap_total_mb":168.2},"node":"v20.20.2","pid":9,"db":"up","redis":"up","sse_clients":0,"console_clients":2,"level_counts":{"info":500}}
health: {"status":"ok","ts":"2026-10-05T16:22:26.202Z","uptime_seconds":2238,"memory":{"rss_mb":255.1,"heap_used_mb":124.8,"heap_total_mb":168.2},"node":"v20.20.2","pid":9,"db":"up","redis":"up","sse_clients":0,"console_clients":2,"level_counts":{"info":500}}
health: {"status":"ok","ts":"2026-10-05T16:22:31.202Z","uptime_seconds":2243,"memory":{"rss_mb":254.9,"heap_used_mb":114.2,"heap_total_mb":168.7},"node":"v20.20.2","pid":9,"db":"up","redis":"up","sse_clients":0,"console_clients":2,"level_counts":{"info":500}}
health: {"status":"ok","ts":"2026-10-05T16:22:36.207Z","uptime_seconds":2248,"memory":{"rss_mb":254.9,"heap_used_mb":117.5,"heap_total_mb":168.7},"node":"v20.20.2","pid":9,"db":"up","redis":"up","sse_clients":0,"console_clients":2,"level_counts":{"info":500}}
health: {"status":"ok","ts":"2026-10-05T16:22:41.204Z","uptime_seconds":2253,"memory":{"rss_mb":255.2,"heap_used_mb":118.7,"heap_total_mb":168.7},"node":"v20.20.2","pid":9,"db":"up","redis":"up","sse_clients":0,"console_clients":2,"level_counts":{"info":500}}
health: {"status":"ok","ts":"2026-10-05T16:22:46.204Z","uptime_seconds":2258,"memory":{"rss_mb":255.1,"heap_used_mb":110.5,"heap_total_mb":168.7},"node":"v20.20.2","pid":9,"db":"up","redis":"up","sse_clients":0,"console_clients":2,"level_counts":{"info":500}}
health: {"status":"ok","ts":"2026-10-05T16:22:51.208Z","uptime_seconds":2263,"memory":{"rss_mb":255.1,"heap_used_mb":116.7,"heap_total_mb":168.7},"node":"v20.20.2","pid":9,"db":"up","redis":"up","sse_clients":0,"console_clients":2,"level_counts":{"info":500}}
health: {"status":"ok","ts":"2026-10-05T16:22:56.204Z","uptime_seconds":2268,"memory":{"rss_mb":255.1,"heap_used_mb":110.8,"heap_total_mb":168.7},"node":"v20.20.2","pid":9,"db":"up","redis":"up","sse_clients":0,"console_clients":2,"level_counts":{"info":500}}
health: {"status":"ok","ts":"2026-10-05T16:23:01.205Z","uptime_seconds":2273,"memory":{"rss_mb":255.1,"heap_used_mb":114.2,"heap_total_mb":168.7},"node":"v20.20.2","pid":9,"db":"up","redis":"up","sse_clients":0,"console_clients":2,"level_counts":{"info":500}}
health: {"status":"ok","ts":"2026-10-05T16:23:06.215Z","uptime_seconds":2278,"memory":{"rss_mb":255.1,"heap_used_mb":114.4,"heap_total_mb":168.7},"node":"v20.20.2","pid":9,"db":"up","redis":"up","sse_clients":0,"console_clients":2,"level_counts":{"info":500}}
health: {"status":"ok","ts":"2026-10-05T16:23:11.205Z","uptime_seconds":2283,"memory":{"rss_mb":254.9,"heap_used_mb":120.3,"heap_total_mb":168.7},"node":"v20.20.2","pid":9,"db":"up","redis":"up","sse_clients":0,"console_clients":2,"level_counts":{"info":500}}
health: {"status":"ok","ts":"2026-10-05T16:23:16.205Z","uptime_seconds":2288,"memory":{"rss_mb":254.9,"heap_used_mb":123.7,"heap_total_mb":168.7},"node":"v20.20.2","pid":9,"db":"up","redis":"up","sse_clients":0,"console_clients":2,"level_counts":{"info":500}}
health: {"status":"ok","ts":"2026-10-05T16:23:21.210Z","uptime_seconds":2293,"memory":{"rss_mb":254.9,"heap_used_mb":116.7,"heap_total_mb":168.7},"node":"v20.20.2","pid":9,"db":"up","redis":"up","sse_clients":0,"console_clients":2,"level_counts":{"info":500}}
health: {"status":"ok","ts":"2026-10-05T16:23:26.206Z","uptime_seconds":2298,"memory":{"rss_mb":254.9,"heap_used_mb":121.1,"heap_total_mb":168.7},"node":"v20.20.2","pid":9,"db":"up","redis":"up","sse_clients":0,"console_clients":2,"level_counts":{"info":500}}
health: {"status":"ok","ts":"2026-10-05T16:23:31.206Z","uptime_seconds":2303,"memory":{"rss_mb":254.9,"heap_used_mb":123.5,"heap_total_mb":168.7},"node":"v20.20.2","pid":9,"db":"up","redis":"up","sse_clients":0,"console_clients":2,"level_counts":{"info":500}}
health: {"status":"ok","ts":"2026-10-05T16:23:36.210Z","uptime_seconds":2308,"memory":{"rss_mb":254.9,"heap_used_mb":115.5,"heap_total_mb":168.7},"node":"v20.20.2","pid":9,"db":"up","redis":"up","sse_clients":0,"console_clients":2,"level_counts":{"info":500}}
health: {"status":"ok","ts":"2026-10-05T16:23:41.207Z","uptime_seconds":2313,"memory":{"rss_mb":251.1,"heap_used_mb":106.9,"heap_total_mb":164.9},"node":"v20.20.2","pid":9,"db":"up","redis":"up","sse_clients":0,"console_clients":2,"level_counts":{"info":500}}
health: {"status":"ok","ts":"2026-10-05T16:23:46.222Z","uptime_seconds":2318,"memory":{"rss_mb":251.1,"heap_used_mb":109.6,"heap_total_mb":164.9},"node":"v20.20.2","pid":9,"db":"up","redis":"up","sse_clients":0,"console_clients":2,"level_counts":{"info":500}}
health: {"status":"ok","ts":"2026-10-05T16:23:51.232Z","uptime_seconds":2323,"memory":{"rss_mb":251.1,"heap_used_mb":114.1,"heap_total_mb":164.9},"node":"v20.20.2","pid":9,"db":"up","redis":"up","sse_clients":0,"console_clients":2,"level_counts":{"info":500}}
health: {"status":"ok","ts":"2026-10-05T16:23:56.222Z","uptime_seconds":2328,"memory":{"rss_mb":251.1,"heap_used_mb":118.7,"heap_total_mb":164.9},"node":"v20.20.2","pid":9,"db":"up","redis":"up","sse_clients":0,"console_clients":2,"level_counts":{"info":500}}
health: {"status":"ok","ts":"2026-10-05T16:24:01.222Z","uptime_seconds":2333,"memory":{"rss_mb":251.2,"heap_used_mb":113.8,"heap_total_mb":164.9},"node":"v20.20.2","pid":9,"db":"up","redis":"up","sse_clients":0,"console_clients":2,"level_counts":{"info":500}}
health: {"status":"ok","ts":"2026-10-05T16:24:06.225Z","uptime_seconds":2338,"memory":{"rss_mb":251.2,"heap_used_mb":116,"heap_total_mb":164.9},"node":"v20.20.2","pid":9,"db":"up","redis":"up","sse_clients":0,"console_clients":2,"level_counts":{"info":500}}
health: {"status":"ok","ts":"2026-10-05T16:24:11.222Z","uptime_seconds":2343,"memory":{"rss_mb":251.3,"heap_used_mb":111.2,"heap_total_mb":164.9},"node":"v20.20.2","pid":9,"db":"up","redis":"up","sse_clients":0,"console_clients":2,"level_counts":{"info":500}}
health: {"status":"ok","ts":"2026-10-05T16:24:16.222Z","uptime_seconds":2348,"memory":{"rss_mb":251.3,"heap_used_mb":112.8,"heap_total_mb":164.9},"node":"v20.20.2","pid":9,"db":"up","redis":"up","sse_clients":0,"console_clients":2,"level_counts":{"info":500}}
health: {"status":"ok","ts":"2026-10-05T16:24:21.234Z","uptime_seconds":2353,"memory":{"rss_mb":250.4,"heap_used_mb":107.4,"heap_total_mb":163.9},"node":"v20.20.2","pid":9,"db":"up","redis":"up","sse_clients":0,"console_clients":2,"level_counts":{"info":500}}
health: {"status":"ok","ts":"2026-10-05T16:24:26.222Z","uptime_seconds":2358,"memory":{"rss_mb":250.3,"heap_used_mb":117.2,"heap_total_mb":163.9},"node":"v20.20.2","pid":9,"db":"up","redis":"up","sse_clients":0,"console_clients":2,"level_counts":{"info":500}}
health: {"status":"ok","ts":"2026-10-05T16:24:31.223Z","uptime_seconds":2363,"memory":{"rss_mb":250.4,"heap_used_mb":119.7,"heap_total_mb":163.9},"node":"v20.20.2","pid":9,"db":"up","redis":"up","sse_clients":0,"console_clients":2,"level_counts":{"info":500}}
health: {"status":"ok","ts":"2026-10-05T16:24:36.227Z","uptime_seconds":2368,"memory":{"rss_mb":250.4,"heap_used_mb":113,"heap_total_mb":163.9},"node":"v20.20.2","pid":9,"db":"up","redis":"up","sse_clients":0,"console_clients":2,"level_counts":{"info":500}}
health: {"status":"ok","ts":"2026-10-05T16:24:41.223Z","uptime_seconds":2373,"memory":{"rss_mb":250.2,"heap_used_mb":122.9,"heap_total_mb":163.9},"node":"v20.20.2","pid":9,"db":"up","redis":"up","sse_clients":0,"console_clients":2,"level_counts":{"info":500}}
health: {"status":"ok","ts":"2026-10-05T16:24:46.223Z","uptime_seconds":2378,"memory":{"rss_mb":250.5,"heap_used_mb":119.7,"heap_total_mb":163.9},"node":"v20.20.2","pid":9,"db":"up","redis":"up","sse_clients":0,"console_clients":2,"level_counts":{"info":500}}
health: {"status":"ok","ts":"2026-10-05T16:24:51.227Z","uptime_seconds":2383,"memory":{"rss_mb":250.2,"heap_used_mb":118,"heap_total_mb":163.9},"node":"v20.20.2","pid":9,"db":"up","redis":"up","sse_clients":0,"console_clients":2,"level_counts":{"info":500}}
health: {"status":"ok","ts":"2026-10-05T16:24:56.223Z","uptime_seconds":2388,"memory":{"rss_mb":251.8,"heap_used_mb":123.5,"heap_total_mb":163.9},"node":"v20.20.2","pid":9,"db":"up","redis":"up","sse_clients":0,"console_clients":2,"level_counts":{"info":500}}
health: {"status":"ok","ts":"2026-10-05T16:25:01.223Z","uptime_seconds":2393,"memory":{"rss_mb":251.8,"heap_used_mb":118.5,"heap_total_mb":163.9},"node":"v20.20.2","pid":9,"db":"up","redis":"up","sse_clients":0,"console_clients":2,"level_counts":{"info":500}}
health: {"status":"ok","ts":"2026-10-05T16:25:06.226Z","uptime_seconds":2398,"memory":{"rss_mb":251.8,"heap_used_mb":107.6,"heap_total_mb":163.9},"node":"v20.20.2","pid":9,"db":"up","redis":"up","sse_clients":0,"console_clients":2,"level_counts":{"info":500}}
health: {"status":"ok","ts":"2026-10-05T16:25:11.223Z","uptime_seconds":2403,"memory":{"rss_mb":250.8,"heap_used_mb":117.2,"heap_total_mb":163.9},"node":"v20.20.2","pid":9,"db":"up","redis":"up","sse_clients":0,"console_clients":2,"level_counts":{"info":500}}
health: {"status":"ok","ts":"2026-10-05T16:25:16.223Z","uptime_seconds":2408,"memory":{"rss_mb":250.6,"heap_used_mb":110,"heap_total_mb":163.9},"node":"v20.20.2","pid":9,"db":"up","redis":"up","sse_clients":0,"console_clients":2,"level_counts":{"info":500}}
health: {"status":"ok","ts":"2026-10-05T16:25:21.228Z","uptime_seconds":2413,"memory":{"rss_mb":250.6,"heap_used_mb":118.3,"heap_total_mb":163.9},"node":"v20.20.2","pid":9,"db":"up","redis":"up","sse_clients":0,"console_clients":2,"level_counts":{"info":500}}
health: {"status":"ok","ts":"2026-10-05T16:25:26.223Z","uptime_seconds":2418,"memory":{"rss_mb":250.6,"heap_used_mb":115.8,"heap_total_mb":163.9},"node":"v20.20.2","pid":9,"db":"up","redis":"up","sse_clients":0,"console_clients":2,"level_counts":{"info":500}}
health: {"status":"ok","ts":"2026-10-05T16:25:31.224Z","uptime_seconds":2423,"memory":{"rss_mb":250.6,"heap_used_mb":119.1,"heap_total_mb":163.9},"node":"v20.20.2","pid":9,"db":"up","redis":"up","sse_clients":0,"console_clients":2,"level_counts":{"info":500}}
health: {"status":"ok","ts":"2026-10-05T16:25:36.229Z","uptime_seconds":2428,"memory":{"rss_mb":250.6,"heap_used_mb":112.5,"heap_total_mb":163.9},"node":"v20.20.2","pid":9,"db":"up","redis":"up","sse_clients":0,"console_clients":2,"level_counts":{"info":500}}
health: {"status":"ok","ts":"2026-10-05T16:25:41.224Z","uptime_seconds":2433,"memory":{"rss_mb":250.7,"heap_used_mb":118.2,"heap_total_mb":163.9},"node":"v20.20.2","pid":9,"db":"up","redis":"up","sse_clients":0,"console_clients":2,"level_counts":{"info":500}}
health: {"status":"ok","ts":"2026-10-05T16:25:46.225Z","uptime_seconds":2438,"memory":{"rss_mb":251.2,"heap_used_mb":116.1,"heap_total_mb":164.2},"node":"v20.20.2","pid":9,"db":"up","redis":"up","sse_clients":0,"console_clients":2,"level_counts":{"info":500}}
health: {"status":"ok","ts":"2026-10-05T16:25:51.230Z","uptime_seconds":2443,"memory":{"rss_mb":251.2,"heap_used_mb":113.6,"heap_total_mb":164.2},"node":"v20.20.2","pid":9,"db":"up","redis":"up","sse_clients":0,"console_clients":2,"level_counts":{"info":500}}
health: {"status":"ok","ts":"2026-10-05T16:25:56.226Z","uptime_seconds":2448,"memory":{"rss_mb":251.2,"heap_used_mb":121.6,"heap_total_mb":164.2},"node":"v20.20.2","pid":9,"db":"up","redis":"up","sse_clients":0,"console_clients":2,"level_counts":{"info":500}}
health: {"status":"ok","ts":"2026-10-05T16:26:01.226Z","uptime_seconds":2453,"memory":{"rss_mb":251.3,"heap_used_mb":119.7,"heap_total_mb":164.2},"node":"v20.20.2","pid":9,"db":"up","redis":"up","sse_clients":0,"console_clients":2,"level_counts":{"info":500}}
health: {"status":"ok","ts":"2026-10-05T16:26:06.236Z","uptime_seconds":2458,"memory":{"rss_mb":251.4,"heap_used_mb":129.9,"heap_total_mb":164.2},"node":"v20.20.2","pid":9,"db":"up","redis":"up","sse_clients":0,"console_clients":2,"level_counts":{"info":500}}
health: {"status":"ok","ts":"2026-10-05T16:26:11.226Z","uptime_seconds":2463,"memory":{"rss_mb":254,"heap_used_mb":129.5,"heap_total_mb":167.2},"node":"v20.20.2","pid":9,"db":"up","redis":"up","sse_clients":0,"console_clients":2,"level_counts":{"info":500}}
health: {"status":"ok","ts":"2026-10-05T16:26:16.227Z","uptime_seconds":2468,"memory":{"rss_mb":255.8,"heap_used_mb":135.4,"heap_total_mb":168.9},"node":"v20.20.2","pid":9,"db":"up","redis":"up","sse_clients":0,"console_clients":2,"level_counts":{"info":500}}
health: {"status":"ok","ts":"2026-10-05T16:26:21.231Z","uptime_seconds":2473,"memory":{"rss_mb":257.1,"heap_used_mb":128.2,"heap_total_mb":170.4},"node":"v20.20.2","pid":9,"db":"up","redis":"up","sse_clients":0,"console_clients":2,"level_counts":{"info":500}}
health: {"status":"ok","ts":"2026-10-05T16:26:26.227Z","uptime_seconds":2478,"memory":{"rss_mb":257.7,"heap_used_mb":127.7,"heap_total_mb":170.9},"node":"v20.20.2","pid":9,"db":"up","redis":"up","sse_clients":0,"console_clients":2,"level_counts":{"info":500}}
health: {"status":"ok","ts":"2026-10-05T16:26:31.228Z","uptime_seconds":2483,"memory":{"rss_mb":257.9,"heap_used_mb":132.7,"heap_total_mb":171.2},"node":"v20.20.2","pid":9,"db":"up","redis":"up","sse_clients":0,"console_clients":2,"level_counts":{"info":500}}
health: {"status":"ok","ts":"2026-10-05T16:26:36.233Z","uptime_seconds":2488,"memory":{"rss_mb":258.4,"heap_used_mb":139.9,"heap_total_mb":171.7},"node":"v20.20.2","pid":9,"db":"up","redis":"up","sse_clients":0,"console_clients":2,"level_counts":{"info":500}}
health: {"status":"ok","ts":"2026-10-05T16:26:41.228Z","uptime_seconds":2493,"memory":{"rss_mb":258.5,"heap_used_mb":106.1,"heap_total_mb":171.9},"node":"v20.20.2","pid":9,"db":"up","redis":"up","sse_clients":0,"console_clients":2,"level_counts":{"info":500}}
health: {"status":"ok","ts":"2026-10-05T16:26:46.228Z","uptime_seconds":2498,"memory":{"rss_mb":258.5,"heap_used_mb":112.2,"heap_total_mb":171.9},"node":"v20.20.2","pid":9,"db":"up","redis":"up","sse_clients":0,"console_clients":2,"level_counts":{"info":500}}
health: {"status":"ok","ts":"2026-10-05T16:26:51.232Z","uptime_seconds":2503,"memory":{"rss_mb":258.7,"heap_used_mb":107.4,"heap_total_mb":171.9},"node":"v20.20.2","pid":9,"db":"up","redis":"up","sse_clients":0,"console_clients":2,"level_counts":{"info":500}}
health: {"status":"ok","ts":"2026-10-05T16:26:56.229Z","uptime_seconds":2508,"memory":{"rss_mb":258.7,"heap_used_mb":118.5,"heap_total_mb":171.9},"node":"v20.20.2","pid":9,"db":"up","redis":"up","sse_clients":0,"console_clients":2,"level_counts":{"info":500}}
health: {"status":"ok","ts":"2026-10-05T16:27:01.229Z","uptime_seconds":2513,"memory":{"rss_mb":258.8,"heap_used_mb":114.5,"heap_total_mb":171.9},"node":"v20.20.2","pid":9,"db":"up","redis":"up","sse_clients":0,"console_clients":2,"level_counts":{"info":500}}
health: {"status":"ok","ts":"2026-10-05T16:27:06.234Z","uptime_seconds":2518,"memory":{"rss_mb":258.8,"heap_used_mb":120.4,"heap_total_mb":171.9},"node":"v20.20.2","pid":9,"db":"up","redis":"up","sse_clients":0,"console_clients":2,"level_counts":{"info":500}}
health: {"status":"ok","ts":"2026-10-05T16:27:11.230Z","uptime_seconds":2523,"memory":{"rss_mb":258.8,"heap_used_mb":118,"heap_total_mb":171.9},"node":"v20.20.2","pid":9,"db":"up","redis":"up","sse_clients":0,"console_clients":2,"level_counts":{"info":500}}
health: {"status":"ok","ts":"2026-10-05T16:27:16.230Z","uptime_seconds":2528,"memory":{"rss_mb":258.8,"heap_used_mb":111.7,"heap_total_mb":171.9},"node":"v20.20.2","pid":9,"db":"up","redis":"up","sse_clients":0,"console_clients":2,"level_counts":{"info":500}}
health: {"status":"ok","ts":"2026-10-05T16:27:21.235Z","uptime_seconds":2533,"memory":{"rss_mb":258.7,"heap_used_mb":118.1,"heap_total_mb":171.9},"node":"v20.20.2","pid":9,"db":"up","redis":"up","sse_clients":0,"console_clients":2,"level_counts":{"info":500}}
health: {"status":"ok","ts":"2026-10-05T16:27:26.230Z","uptime_seconds":2538,"memory":{"rss_mb":258.7,"heap_used_mb":123.8,"heap_total_mb":171.9},"node":"v20.20.2","pid":9,"db":"up","redis":"up","sse_clients":0,"console_clients":2,"level_counts":{"info":500}}
health: {"status":"ok","ts":"2026-10-05T16:27:31.231Z","uptime_seconds":2543,"memory":{"rss_mb":258.7,"heap_used_mb":114.7,"heap_total_mb":171.9},"node":"v20.20.2","pid":9,"db":"up","redis":"up","sse_clients":0,"console_clients":2,"level_counts":{"info":500}}
health: {"status":"ok","ts":"2026-10-05T16:27:36.235Z","uptime_seconds":2548,"memory":{"rss_mb":258.7,"heap_used_mb":119.6,"heap_total_mb":171.9},"node":"v20.20.2","pid":9,"db":"up","redis":"up","sse_clients":0,"console_clients":2,"level_counts":{"info":500}}
health: {"status":"ok","ts":"2026-10-05T16:27:41.232Z","uptime_seconds":2553,"memory":{"rss_mb":258.7,"heap_used_mb":122.9,"heap_total_mb":171.9},"node":"v20.20.2","pid":9,"db":"up","redis":"up","sse_clients":0,"console_clients":2,"level_counts":{"info":500}}
health: {"status":"ok","ts":"2026-10-05T16:27:46.232Z","uptime_seconds":2558,"memory":{"rss_mb":251.7,"heap_used_mb":108.5,"heap_total_mb":164.7},"node":"v20.20.2","pid":9,"db":"up","redis":"up","sse_clients":0,"console_clients":2,"level_counts":{"info":500}}
health: {"status":"ok","ts":"2026-10-05T16:27:51.237Z","uptime_seconds":2563,"memory":{"rss_mb":251.8,"heap_used_mb":109.3,"heap_total_mb":164.7},"node":"v20.20.2","pid":9,"db":"up","redis":"up","sse_clients":0,"console_clients":2,"level_counts":{"info":500}}
health: {"status":"ok","ts":"2026-10-05T16:27:56.232Z","uptime_seconds":2568,"memory":{"rss_mb":252,"heap_used_mb":120.2,"heap_total_mb":164.7},"node":"v20.20.2","pid":9,"db":"up","redis":"up","sse_clients":0,"console_clients":2,"level_counts":{"info":500}}
health: {"status":"ok","ts":"2026-10-05T16:28:01.232Z","uptime_seconds":2573,"memory":{"rss_mb":251.8,"heap_used_mb":117.7,"heap_total_mb":164.7},"node":"v20.20.2","pid":9,"db":"up","redis":"up","sse_clients":0,"console_clients":2,"level_counts":{"info":500}}
health: {"status":"ok","ts":"2026-10-05T16:28:06.236Z","uptime_seconds":2578,"memory":{"rss_mb":251.8,"heap_used_mb":113.5,"heap_total_mb":164.7},"node":"v20.20.2","pid":9,"db":"up","redis":"up","sse_clients":0,"console_clients":2,"level_counts":{"info":500}}
health: {"status":"ok","ts":"2026-10-05T16:28:11.232Z","uptime_seconds":2583,"memory":{"rss_mb":251.8,"heap_used_mb":116.7,"heap_total_mb":164.7},"node":"v20.20.2","pid":9,"db":"up","redis":"up","sse_clients":0,"console_clients":2,"level_counts":{"info":500}}
health: {"status":"ok","ts":"2026-10-05T16:28:16.233Z","uptime_seconds":2588,"memory":{"rss_mb":251.6,"heap_used_mb":119.6,"heap_total_mb":164.7},"node":"v20.20.2","pid":9,"db":"up","redis":"up","sse_clients":0,"console_clients":2,"level_counts":{"info":500}}
health: {"status":"ok","ts":"2026-10-05T16:28:21.237Z","uptime_seconds":2593,"memory":{"rss_mb":251.6,"heap_used_mb":124.2,"heap_total_mb":164.7},"node":"v20.20.2","pid":9,"db":"up","redis":"up","sse_clients":0,"console_clients":2,"level_counts":{"info":500}}
health: {"status":"ok","ts":"2026-10-05T16:28:26.233Z","uptime_seconds":2598,"memory":{"rss_mb":251.6,"heap_used_mb":116.6,"heap_total_mb":164.7},"node":"v20.20.2","pid":9,"db":"up","redis":"up","sse_clients":0,"console_clients":2,"level_counts":{"info":500}}
health: {"status":"ok","ts":"2026-10-05T16:28:31.233Z","uptime_seconds":2603,"memory":{"rss_mb":251.6,"heap_used_mb":118.3,"heap_total_mb":164.7},"node":"v20.20.2","pid":9,"db":"up","redis":"up","sse_clients":0,"console_clients":2,"level_counts":{"info":500}}
health: {"status":"ok","ts":"2026-10-05T16:28:36.239Z","uptime_seconds":2608,"memory":{"rss_mb":251.6,"heap_used_mb":122,"heap_total_mb":164.7},"node":"v20.20.2","pid":9,"db":"up","redis":"up","sse_clients":0,"console_clients":2,"level_counts":{"info":500}}
health: {"status":"ok","ts":"2026-10-05T16:28:41.233Z","uptime_seconds":2613,"memory":{"rss_mb":252.1,"heap_used_mb":105.1,"heap_total_mb":164.2},"node":"v20.20.2","pid":9,"db":"up","redis":"up","sse_clients":0,"console_clients":2,"level_counts":{"info":500}}
health: {"status":"ok","ts":"2026-10-05T16:28:46.234Z","uptime_seconds":2618,"memory":{"rss_mb":251.9,"heap_used_mb":116.1,"heap_total_mb":164.2},"node":"v20.20.2","pid":9,"db":"up","redis":"up","sse_clients":0,"console_clients":2,"level_counts":{"info":500}}
health: {"status":"ok","ts":"2026-10-05T16:28:51.253Z","uptime_seconds":2623,"memory":{"rss_mb":251.9,"heap_used_mb":115.4,"heap_total_mb":164.2},"node":"v20.20.2","pid":9,"db":"up","redis":"up","sse_clients":0,"console_clients":2,"level_counts":{"info":500}}
health: {"status":"ok","ts":"2026-10-05T16:28:56.246Z","uptime_seconds":2628,"memory":{"rss_mb":251.9,"heap_used_mb":118.3,"heap_total_mb":164.2},"node":"v20.20.2","pid":9,"db":"up","redis":"up","sse_clients":0,"console_clients":2,"level_counts":{"info":500}}
health: {"status":"ok","ts":"2026-10-05T16:29:01.249Z","uptime_seconds":2633,"memory":{"rss_mb":252.2,"heap_used_mb":114.8,"heap_total_mb":163.9},"node":"v20.20.2","pid":9,"db":"up","redis":"up","sse_clients":0,"console_clients":2,"level_counts":{"info":500}}
health: {"status":"ok","ts":"2026-10-05T16:29:06.254Z","uptime_seconds":2638,"memory":{"rss_mb":252.4,"heap_used_mb":118.8,"heap_total_mb":163.9},"node":"v20.20.2","pid":9,"db":"up","redis":"up","sse_clients":0,"console_clients":2,"level_counts":{"info":500}}
health: {"status":"ok","ts":"2026-10-05T16:29:11.250Z","uptime_seconds":2643,"memory":{"rss_mb":252.6,"heap_used_mb":126.2,"heap_total_mb":163.9},"node":"v20.20.2","pid":9,"db":"up","redis":"up","sse_clients":0,"console_clients":2,"level_counts":{"info":500}}
health: {"status":"ok","ts":"2026-10-05T16:29:16.250Z","uptime_seconds":2648,"memory":{"rss_mb":252.1,"heap_used_mb":120.3,"heap_total_mb":163.9},"node":"v20.20.2","pid":9,"db":"up","redis":"up","sse_clients":0,"console_clients":2,"level_counts":{"info":500}}
health: {"status":"ok","ts":"2026-10-05T16:29:21.254Z","uptime_seconds":2653,"memory":{"rss_mb":253.5,"heap_used_mb":125.5,"heap_total_mb":165.7},"node":"v20.20.2","pid":9,"db":"up","redis":"up","sse_clients":0,"console_clients":2,"level_counts":{"info":500}}
health: {"status":"ok","ts":"2026-10-05T16:29:26.250Z","uptime_seconds":2658,"memory":{"rss_mb":254.4,"heap_used_mb":130,"heap_total_mb":166.4},"node":"v20.20.2","pid":9,"db":"up","redis":"up","sse_clients":0,"console_clients":2,"level_counts":{"info":500}}
health: {"status":"ok","ts":"2026-10-05T16:29:31.250Z","uptime_seconds":2663,"memory":{"rss_mb":254.9,"heap_used_mb":124.4,"heap_total_mb":166.9},"node":"v20.20.2","pid":9,"db":"up","redis":"up","sse_clients":0,"console_clients":2,"level_counts":{"info":500}}
health: {"status":"ok","ts":"2026-10-05T16:29:36.257Z","uptime_seconds":2668,"memory":{"rss_mb":255.7,"heap_used_mb":125.3,"heap_total_mb":167.9},"node":"v20.20.2","pid":9,"db":"up","redis":"up","sse_clients":0,"console_clients":2,"level_counts":{"info":500}}
health: {"status":"ok","ts":"2026-10-05T16:29:41.251Z","uptime_seconds":2673,"memory":{"rss_mb":256.3,"heap_used_mb":135.4,"heap_total_mb":168.7},"node":"v20.20.2","pid":9,"db":"up","redis":"up","sse_clients":0,"console_clients":2,"level_counts":{"info":500}}
health: {"status":"ok","ts":"2026-10-05T16:29:46.251Z","uptime_seconds":2678,"memory":{"rss_mb":257.2,"heap_used_mb":134,"heap_total_mb":169.4},"node":"v20.20.2","pid":9,"db":"up","redis":"up","sse_clients":0,"console_clients":2,"level_counts":{"info":500}}
health: {"status":"ok","ts":"2026-10-05T16:29:51.258Z","uptime_seconds":2683,"memory":{"rss_mb":258.5,"heap_used_mb":138.5,"heap_total_mb":170.2},"node":"v20.20.2","pid":9,"db":"up","redis":"up","sse_clients":0,"console_clients":2,"level_counts":{"info":500}}
health: {"status":"ok","ts":"2026-10-05T16:29:56.251Z","uptime_seconds":2688,"memory":{"rss_mb":262.3,"heap_used_mb":137.8,"heap_total_mb":173.9},"node":"v20.20.2","pid":9,"db":"up","redis":"up","sse_clients":0,"console_clients":2,"level_counts":{"info":500}}
health: {"status":"ok","ts":"2026-10-05T16:30:01.308Z","uptime_seconds":2693,"memory":{"rss_mb":265.7,"heap_used_mb":122.2,"heap_total_mb":174.2},"node":"v20.20.2","pid":9,"db":"up","redis":"up","sse_clients":0,"console_clients":2,"level_counts":{"info":500}}
health: {"status":"ok","ts":"2026-10-05T16:30:06.335Z","uptime_seconds":2698,"memory":{"rss_mb":268.9,"heap_used_mb":135.8,"heap_total_mb":177.2},"node":"v20.20.2","pid":9,"db":"up","redis":"up","sse_clients":0,"console_clients":2,"level_counts":{"info":499,"warn":1}}
health: {"status":"ok","ts":"2026-10-05T16:30:11.311Z","uptime_seconds":2703,"memory":{"rss_mb":267,"heap_used_mb":122.6,"heap_total_mb":176.7},"node":"v20.20.2","pid":9,"db":"up","redis":"up","sse_clients":0,"console_clients":2,"level_counts":{"info":499,"warn":1}}
health: {"status":"ok","ts":"2026-10-05T16:30:16.311Z","uptime_seconds":2708,"memory":{"rss_mb":266.7,"heap_used_mb":128.4,"heap_total_mb":176.7},"node":"v20.20.2","pid":9,"db":"up","redis":"up","sse_clients":0,"console_clients":2,"level_counts":{"info":499,"warn":1}}
health: {"status":"ok","ts":"2026-10-05T16:30:21.317Z","uptime_seconds":2713,"memory":{"rss_mb":266.9,"heap_used_mb":135,"heap_total_mb":176.7},"node":"v20.20.2","pid":9,"db":"up","redis":"up","sse_clients":0,"console_clients":2,"level_counts":{"info":499,"warn":1}}
health: {"status":"ok","ts":"2026-10-05T16:30:26.313Z","uptime_seconds":2718,"memory":{"rss_mb":266.6,"heap_used_mb":132.7,"heap_total_mb":176.7},"node":"v20.20.2","pid":9,"db":"up","redis":"up","sse_clients":0,"console_clients":2,"level_counts":{"info":500}}
health: {"status":"ok","ts":"2026-10-05T16:30:31.313Z","uptime_seconds":2723,"memory":{"rss_mb":267.6,"heap_used_mb":140.8,"heap_total_mb":177.7},"node":"v20.20.2","pid":9,"db":"up","redis":"up","sse_clients":0,"console_clients":2,"level_counts":{"info":500}}
captured log lines: 20740
